<html>
<body>
<pre>
<h1>µVision Build Log</h1>
<h2>Tool Versions:</h2>
IDE-Version: µVision V5.15
Copyright (C) 2015 ARM Ltd and ARM Germany GmbH. All rights reserved.
License Information: RYAN TANG, ACTION, LIC=YA3TG-VDEP0-IGP7N-YV1PQ-LF28P-Y3IZY
 
Tool Versions:
Toolchain:       MDK-ARM Standard  Version: 5.15.0
Toolchain Path:  C:\Keil_v5\ARM\ARMCC\Bin
C Compiler:      Armcc.exe V5.05 update 2 (build 169)
Assembler:       Armasm.exe V5.05 update 2 (build 169)
Linker/Locator:  ArmLink.exe V5.05 update 2 (build 169)
Library Manager: ArmAr.exe V5.05 update 2 (build 169)
Hex Converter:   FromElf.exe V5.05 update 2 (build 169)
CPU DLL:         SARMCM3.DLL V5.15.0
Dialog DLL:      DCM.DLL V1.13.2.0
Target DLL:      STLink\ST-LINKIII-KEIL_SWO.dll V2.0.15.0_KEIL
Dialog DLL:      TCM.DLL V1.14.5.0
 
<h2>Project:</h2>
D:\0003-iot\010A-Bluetooth\APP Source\SPPLEDemo\RVMDK\SPPLEDemo.uvproj
Project File Date:  11/01/2016

<h2>Output:</h2>
*** Using Compiler 'V5.05 update 2 (build 169)', folder: 'C:\Keil_v5\ARM\ARMCC\Bin'
Build target 'SPPLEDemo_Debug'
compiling SPPLEDemo.c...
compiling HAL.c...
compiling Main.c...
compiling BTVS.c...
compiling BTPSKRNL.c...
compiling BTPSVEND.c...
compiling HCITRANS.c...
linking...
Program Size: Code=159740 RO-data=48380 RW-data=692 ZI-data=29300  
FromELF: creating hex file...
".\Debug\Objects\..\SPPLEDemo.axf" - 0 Error(s), 0 Warning(s).
</pre>
</body>
</html>
