<!doctype html public "-//w3c//dtd html 4.0 transitional//en">
<html><head>
<title>Static Call Graph - [.\Release\Objects\..\SPPLEDemo.axf]</title></head>
<body><HR>
<H1>Static Call Graph for image .\Release\Objects\..\SPPLEDemo.axf</H1><HR>
<BR><P>#&#060CALLGRAPH&#062# ARM Linker, 5050169: Last Updated: Thu Oct 27 21:42:15 2016
<BR><P>
<H3>Maximum Stack Usage =          0 bytes + Unknown(Cycles, Untraceable Function Pointers)</H3><H3>
Call chain for Maximum Stack Depth:</H3>

<P>
<H3>
Mutually Recursive functions
</H3> <LI><a href="#[4]">NMI_Handler</a>&nbsp;&nbsp;&nbsp;&rArr;&nbsp;&nbsp;&nbsp;<a href="#[4]">NMI_Handler</a><BR>
 <LI><a href="#[5]">HardFault_Handler</a>&nbsp;&nbsp;&nbsp;&rArr;&nbsp;&nbsp;&nbsp;<a href="#[5]">HardFault_Handler</a><BR>
 <LI><a href="#[6]">MemManage_Handler</a>&nbsp;&nbsp;&nbsp;&rArr;&nbsp;&nbsp;&nbsp;<a href="#[6]">MemManage_Handler</a><BR>
 <LI><a href="#[7]">BusFault_Handler</a>&nbsp;&nbsp;&nbsp;&rArr;&nbsp;&nbsp;&nbsp;<a href="#[7]">BusFault_Handler</a><BR>
 <LI><a href="#[8]">UsageFault_Handler</a>&nbsp;&nbsp;&nbsp;&rArr;&nbsp;&nbsp;&nbsp;<a href="#[8]">UsageFault_Handler</a><BR>
 <LI><a href="#[9]">SVC_Handler</a>&nbsp;&nbsp;&nbsp;&rArr;&nbsp;&nbsp;&nbsp;<a href="#[9]">SVC_Handler</a><BR>
 <LI><a href="#[a]">DebugMon_Handler</a>&nbsp;&nbsp;&nbsp;&rArr;&nbsp;&nbsp;&nbsp;<a href="#[a]">DebugMon_Handler</a><BR>
 <LI><a href="#[b]">PendSV_Handler</a>&nbsp;&nbsp;&nbsp;&rArr;&nbsp;&nbsp;&nbsp;<a href="#[b]">PendSV_Handler</a><BR>
 <LI><a href="#[1f]">ADC_IRQHandler</a>&nbsp;&nbsp;&nbsp;&rArr;&nbsp;&nbsp;&nbsp;<a href="#[1f]">ADC_IRQHandler</a><BR>
 <LI><a href="#[3d3]">SendHCIPacketToLowerDriver</a>&nbsp;&nbsp;&nbsp;&rArr;&nbsp;&nbsp;&nbsp;<a href="#[3d3]">SendHCIPacketToLowerDriver</a><BR>
 <LI><a href="#[486]">SPP_Data_Write</a>&nbsp;&nbsp;&nbsp;&rArr;&nbsp;&nbsp;&nbsp;<a href="#[486]">SPP_Data_Write</a><BR>
</UL>
<P>
<H3>
Function Pointers
</H3><UL>
 <LI><a href="#[1f]">ADC_IRQHandler</a> from startup_stm32f40_41xxx.o(.text) referenced from startup_stm32f40_41xxx.o(RESET)
 <LI><a href="#[101]">AcknowledgeTimerExpired</a> from TWUART.o(i.AcknowledgeTimerExpired) referenced from TWUART.o(.constdata)
 <LI><a href="#[d1]">AdvertiseLE</a> from sppledemo.o(i.AdvertiseLE) referenced from sppledemo.o(i.UserInterface_Client)
 <LI><a href="#[d1]">AdvertiseLE</a> from sppledemo.o(i.AdvertiseLE) referenced from sppledemo.o(i.UserInterface_Server)
 <LI><a href="#[90]">AsynchronousACLDataCallback</a> from HCI.o(i.AsynchronousACLDataCallback) referenced from HCI.o(i.HCI_Initialize)
 <LI><a href="#[ab]">AsynchronousCallback</a> from GATT.o(i.AsynchronousCallback) referenced from GATT.o(i.ScheduleAsynchronousDispatch)
 <LI><a href="#[8f]">AsynchronousHCIEventCallback</a> from HCI.o(i.AsynchronousHCIEventCallback) referenced from HCI.o(i.HCI_Initialize)
 <LI><a href="#[67]">AsynchronousPairingStatusCallbackFunction</a> from GAPLE.o(i.AsynchronousPairingStatusCallbackFunction) referenced from GAPLE.o(i.AuthenticationResponseZeroLengthResponse)
 <LI><a href="#[91]">AsynchronousSCODataCallback</a> from HCI.o(i.AsynchronousSCODataCallback) referenced from HCI.o(i.HCI_Initialize)
 <LI><a href="#[ca]">AutomaticReadMode</a> from sppledemo.o(i.AutomaticReadMode) referenced from sppledemo.o(i.UserInterface_Client)
 <LI><a href="#[ca]">AutomaticReadMode</a> from sppledemo.o(i.AutomaticReadMode) referenced from sppledemo.o(i.UserInterface_Server)
 <LI><a href="#[72]">BSC_Event_Callback</a> from GAP.o(i.BSC_Event_Callback) referenced from GAP.o(i.GAP_Initialize)
 <LI><a href="#[7]">BusFault_Handler</a> from startup_stm32f40_41xxx.o(.text) referenced from startup_stm32f40_41xxx.o(RESET)
 <LI><a href="#[21]">CAN1_RX0_IRQHandler</a> from startup_stm32f40_41xxx.o(.text) referenced from startup_stm32f40_41xxx.o(RESET)
 <LI><a href="#[22]">CAN1_RX1_IRQHandler</a> from startup_stm32f40_41xxx.o(.text) referenced from startup_stm32f40_41xxx.o(RESET)
 <LI><a href="#[23]">CAN1_SCE_IRQHandler</a> from startup_stm32f40_41xxx.o(.text) referenced from startup_stm32f40_41xxx.o(RESET)
 <LI><a href="#[20]">CAN1_TX_IRQHandler</a> from startup_stm32f40_41xxx.o(.text) referenced from startup_stm32f40_41xxx.o(RESET)
 <LI><a href="#[4d]">CAN2_RX0_IRQHandler</a> from startup_stm32f40_41xxx.o(.text) referenced from startup_stm32f40_41xxx.o(RESET)
 <LI><a href="#[4e]">CAN2_RX1_IRQHandler</a> from startup_stm32f40_41xxx.o(.text) referenced from startup_stm32f40_41xxx.o(RESET)
 <LI><a href="#[4f]">CAN2_SCE_IRQHandler</a> from startup_stm32f40_41xxx.o(.text) referenced from startup_stm32f40_41xxx.o(RESET)
 <LI><a href="#[4c]">CAN2_TX_IRQHandler</a> from startup_stm32f40_41xxx.o(.text) referenced from startup_stm32f40_41xxx.o(RESET)
 <LI><a href="#[5c]">CRYP_IRQHandler</a> from startup_stm32f40_41xxx.o(.text) referenced from startup_stm32f40_41xxx.o(RESET)
 <LI><a href="#[d6]">CancelConnectLE</a> from sppledemo.o(i.CancelConnectLE) referenced from sppledemo.o(i.UserInterface_Client)
 <LI><a href="#[d6]">CancelConnectLE</a> from sppledemo.o(i.CancelConnectLE) referenced from sppledemo.o(i.UserInterface_Server)
 <LI><a href="#[d0]">ChangeLEPairingParameters</a> from sppledemo.o(i.ChangeLEPairingParameters) referenced from sppledemo.o(i.UserInterface_Client)
 <LI><a href="#[d0]">ChangeLEPairingParameters</a> from sppledemo.o(i.ChangeLEPairingParameters) referenced from sppledemo.o(i.UserInterface_Server)
 <LI><a href="#[b7]">ChangeSimplePairingParameters</a> from sppledemo.o(i.ChangeSimplePairingParameters) referenced from sppledemo.o(i.UserInterface_Client)
 <LI><a href="#[b7]">ChangeSimplePairingParameters</a> from sppledemo.o(i.ChangeSimplePairingParameters) referenced from sppledemo.o(i.UserInterface_Server)
 <LI><a href="#[82]">CharacteristicDiscoveryResponseEvent</a> from GATT.o(i.CharacteristicDiscoveryResponseEvent) referenced from GATT.o(i.GATT_Discover_Characteristics)
 <LI><a href="#[e9]">ClientMode</a> from sppledemo.o(i.ClientMode) referenced from sppledemo.o(i.UserInterface_Selection)
 <LI><a href="#[c1]">CloseRemoteServer</a> from sppledemo.o(i.CloseRemoteServer) referenced from sppledemo.o(i.UserInterface_Client)
 <LI><a href="#[eb]">CloseServer</a> from sppledemo.o(i.CloseServer) referenced from sppledemo.o(i.UserInterface_Server)
 <LI><a href="#[dd]">ConfigureSPPLE</a> from sppledemo.o(i.ConfigureSPPLE) referenced from sppledemo.o(i.UserInterface_Client)
 <LI><a href="#[dd]">ConfigureSPPLE</a> from sppledemo.o(i.ConfigureSPPLE) referenced from sppledemo.o(i.UserInterface_Server)
 <LI><a href="#[d4]">ConnectLE</a> from sppledemo.o(i.ConnectLE) referenced from sppledemo.o(i.UserInterface_Client)
 <LI><a href="#[d4]">ConnectLE</a> from sppledemo.o(i.ConnectLE) referenced from sppledemo.o(i.UserInterface_Server)
 <LI><a href="#[5b]">DCMI_IRQHandler</a> from startup_stm32f40_41xxx.o(.text) referenced from startup_stm32f40_41xxx.o(RESET)
 <LI><a href="#[18]">DMA1_Stream0_IRQHandler</a> from startup_stm32f40_41xxx.o(.text) referenced from startup_stm32f40_41xxx.o(RESET)
 <LI><a href="#[19]">DMA1_Stream1_IRQHandler</a> from startup_stm32f40_41xxx.o(.text) referenced from startup_stm32f40_41xxx.o(RESET)
 <LI><a href="#[1a]">DMA1_Stream2_IRQHandler</a> from startup_stm32f40_41xxx.o(.text) referenced from startup_stm32f40_41xxx.o(RESET)
 <LI><a href="#[1b]">DMA1_Stream3_IRQHandler</a> from startup_stm32f40_41xxx.o(.text) referenced from startup_stm32f40_41xxx.o(RESET)
 <LI><a href="#[1c]">DMA1_Stream4_IRQHandler</a> from startup_stm32f40_41xxx.o(.text) referenced from startup_stm32f40_41xxx.o(RESET)
 <LI><a href="#[1d]">DMA1_Stream5_IRQHandler</a> from startup_stm32f40_41xxx.o(.text) referenced from startup_stm32f40_41xxx.o(RESET)
 <LI><a href="#[1e]">DMA1_Stream6_IRQHandler</a> from startup_stm32f40_41xxx.o(.text) referenced from startup_stm32f40_41xxx.o(RESET)
 <LI><a href="#[3c]">DMA1_Stream7_IRQHandler</a> from startup_stm32f40_41xxx.o(.text) referenced from startup_stm32f40_41xxx.o(RESET)
 <LI><a href="#[45]">DMA2_Stream0_IRQHandler</a> from startup_stm32f40_41xxx.o(.text) referenced from startup_stm32f40_41xxx.o(RESET)
 <LI><a href="#[46]">DMA2_Stream1_IRQHandler</a> from startup_stm32f40_41xxx.o(.text) referenced from startup_stm32f40_41xxx.o(RESET)
 <LI><a href="#[47]">DMA2_Stream2_IRQHandler</a> from startup_stm32f40_41xxx.o(.text) referenced from startup_stm32f40_41xxx.o(RESET)
 <LI><a href="#[48]">DMA2_Stream3_IRQHandler</a> from startup_stm32f40_41xxx.o(.text) referenced from startup_stm32f40_41xxx.o(RESET)
 <LI><a href="#[49]">DMA2_Stream4_IRQHandler</a> from startup_stm32f40_41xxx.o(.text) referenced from startup_stm32f40_41xxx.o(RESET)
 <LI><a href="#[51]">DMA2_Stream5_IRQHandler</a> from startup_stm32f40_41xxx.o(.text) referenced from startup_stm32f40_41xxx.o(RESET)
 <LI><a href="#[52]">DMA2_Stream6_IRQHandler</a> from startup_stm32f40_41xxx.o(.text) referenced from startup_stm32f40_41xxx.o(RESET)
 <LI><a href="#[53]">DMA2_Stream7_IRQHandler</a> from startup_stm32f40_41xxx.o(.text) referenced from startup_stm32f40_41xxx.o(RESET)
 <LI><a href="#[a]">DebugMon_Handler</a> from startup_stm32f40_41xxx.o(.text) referenced from startup_stm32f40_41xxx.o(RESET)
 <LI><a href="#[8e]">DelayedAuthenticationProcess</a> from L2CAP.o(i.DelayedAuthenticationProcess) referenced from L2CAP.o(i.HCI_Event_Callback)
 <LI><a href="#[d5]">DisconnectLE</a> from sppledemo.o(i.DisconnectLE) referenced from sppledemo.o(i.UserInterface_Client)
 <LI><a href="#[d5]">DisconnectLE</a> from sppledemo.o(i.DisconnectLE) referenced from sppledemo.o(i.UserInterface_Server)
 <LI><a href="#[81]">DiscoverAllCharactisticDescriptorsResponseEvent</a> from GATT.o(i.DiscoverAllCharactisticDescriptorsResponseEvent) referenced from GATT.o(i.GATT_Discover_Characteristic_Descriptors)
 <LI><a href="#[84]">DiscoverAllPrimaryServicesResponseEvent</a> from GATT.o(i.DiscoverAllPrimaryServicesResponseEvent) referenced from GATT.o(i.GATT_Discover_Services)
 <LI><a href="#[de]">DiscoverGAPS</a> from sppledemo.o(i.DiscoverGAPS) referenced from sppledemo.o(i.UserInterface_Client)
 <LI><a href="#[de]">DiscoverGAPS</a> from sppledemo.o(i.DiscoverGAPS) referenced from sppledemo.o(i.UserInterface_Server)
 <LI><a href="#[db]">DiscoverSPPLE</a> from sppledemo.o(i.DiscoverSPPLE) referenced from sppledemo.o(i.UserInterface_Client)
 <LI><a href="#[db]">DiscoverSPPLE</a> from sppledemo.o(i.DiscoverSPPLE) referenced from sppledemo.o(i.UserInterface_Server)
 <LI><a href="#[80]">Discoverability_Timeout_Callback</a> from GAP.o(i.Discoverability_Timeout_Callback) referenced from GAP.o(i.GAP_Set_Discoverability_Mode)
 <LI><a href="#[e6]">DisplayHelp</a> from sppledemo.o(i.DisplayHelp) referenced from sppledemo.o(i.UserInterface_Client)
 <LI><a href="#[e6]">DisplayHelp</a> from sppledemo.o(i.DisplayHelp) referenced from sppledemo.o(i.UserInterface_Selection)
 <LI><a href="#[e6]">DisplayHelp</a> from sppledemo.o(i.DisplayHelp) referenced from sppledemo.o(i.UserInterface_Server)
 <LI><a href="#[ae]">DisplayInquiryList</a> from sppledemo.o(i.DisplayInquiryList) referenced from sppledemo.o(i.UserInterface_Client)
 <LI><a href="#[ae]">DisplayInquiryList</a> from sppledemo.o(i.DisplayInquiryList) referenced from sppledemo.o(i.UserInterface_Server)
 <LI><a href="#[c9]">DisplayRawModeData</a> from sppledemo.o(i.DisplayRawModeData) referenced from sppledemo.o(i.UserInterface_Client)
 <LI><a href="#[c9]">DisplayRawModeData</a> from sppledemo.o(i.DisplayRawModeData) referenced from sppledemo.o(i.UserInterface_Server)
 <LI><a href="#[4a]">ETH_IRQHandler</a> from startup_stm32f40_41xxx.o(.text) referenced from startup_stm32f40_41xxx.o(RESET)
 <LI><a href="#[4b]">ETH_WKUP_IRQHandler</a> from startup_stm32f40_41xxx.o(.text) referenced from startup_stm32f40_41xxx.o(RESET)
 <LI><a href="#[13]">EXTI0_IRQHandler</a> from hcitrans.o(i.EXTI0_IRQHandler) referenced from startup_stm32f40_41xxx.o(RESET)
 <LI><a href="#[35]">EXTI15_10_IRQHandler</a> from startup_stm32f40_41xxx.o(.text) referenced from startup_stm32f40_41xxx.o(RESET)
 <LI><a href="#[14]">EXTI1_IRQHandler</a> from startup_stm32f40_41xxx.o(.text) referenced from startup_stm32f40_41xxx.o(RESET)
 <LI><a href="#[15]">EXTI2_IRQHandler</a> from startup_stm32f40_41xxx.o(.text) referenced from startup_stm32f40_41xxx.o(RESET)
 <LI><a href="#[16]">EXTI3_IRQHandler</a> from startup_stm32f40_41xxx.o(.text) referenced from startup_stm32f40_41xxx.o(RESET)
 <LI><a href="#[17]">EXTI4_IRQHandler</a> from startup_stm32f40_41xxx.o(.text) referenced from startup_stm32f40_41xxx.o(RESET)
 <LI><a href="#[24]">EXTI9_5_IRQHandler</a> from startup_stm32f40_41xxx.o(.text) referenced from startup_stm32f40_41xxx.o(RESET)
 <LI><a href="#[b0]">EndPairing</a> from sppledemo.o(i.EndPairing) referenced from sppledemo.o(i.UserInterface_Client)
 <LI><a href="#[b0]">EndPairing</a> from sppledemo.o(i.EndPairing) referenced from sppledemo.o(i.UserInterface_Server)
 <LI><a href="#[85]">ExchangeMtuRequestResponseEvent</a> from GATT.o(i.ExchangeMtuRequestResponseEvent) referenced from GATT.o(i.GATT_Exchange_MTU_Request)
 <LI><a href="#[bf]">ExitSniffMode</a> from sppledemo.o(i.ExitSniffMode) referenced from sppledemo.o(i.UserInterface_Client)
 <LI><a href="#[bf]">ExitSniffMode</a> from sppledemo.o(i.ExitSniffMode) referenced from sppledemo.o(i.UserInterface_Server)
 <LI><a href="#[11]">FLASH_IRQHandler</a> from startup_stm32f40_41xxx.o(.text) referenced from startup_stm32f40_41xxx.o(RESET)
 <LI><a href="#[5e]">FPU_IRQHandler</a> from startup_stm32f40_41xxx.o(.text) referenced from startup_stm32f40_41xxx.o(RESET)
 <LI><a href="#[3d]">FSMC_IRQHandler</a> from startup_stm32f40_41xxx.o(.text) referenced from startup_stm32f40_41xxx.o(RESET)
 <LI><a href="#[83]">FindIncludedServicesResponseEvent</a> from GATT.o(i.FindIncludedServicesResponseEvent) referenced from GATT.o(i.GATT_Discover_Included_Services)
 <LI><a href="#[73]">GAPBondingEventHandler</a> from GAP.o(i.GAPBondingEventHandler) referenced from GAP.o(i.GAP_Initiate_Bonding)
 <LI><a href="#[7e]">GAPInquiryEventHandler</a> from GAP.o(i.GAPInquiryEventHandler) referenced from GAP.o(i.GAP_Perform_Inquiry)
 <LI><a href="#[79]">GAPLEConnectionUpdateIndicationEventHandler</a> from GAPLE.o(i.GAPLEConnectionUpdateIndicationEventHandler) referenced from GAPLE.o(i.GAP_LE_Create_Connection)
 <LI><a href="#[7d]">GAPLEScanningEventHandler</a> from GAPLE.o(i.GAPLEScanningEventHandler) referenced from GAPLE.o(i.GAP_LE_Perform_Scan)
 <LI><a href="#[7a]">GAPLESecurityManagerMasterEventHandler</a> from GAPLE.o(i.GAPLESecurityManagerMasterEventHandler) referenced from GAPLE.o(i.GAP_LE_Create_Connection)
 <LI><a href="#[76]">GAPLESecurityManagerSlaveEventHandler</a> from GAPLE.o(i.GAPLESecurityManagerSlaveEventHandler) referenced from GAPLE.o(i.GAP_LE_Advertising_Enable)
 <LI><a href="#[7f]">GAPRemoteNameEventHandler</a> from GAP.o(i.GAPRemoteNameEventHandler) referenced from GAP.o(i.GAP_Query_Remote_Device_Name)
 <LI><a href="#[8a]">GAP_Event_Callback</a> from sppledemo.o(i.GAP_Event_Callback) referenced from sppledemo.o(i.GetRemoteName)
 <LI><a href="#[8a]">GAP_Event_Callback</a> from sppledemo.o(i.GAP_Event_Callback) referenced from sppledemo.o(i.Inquiry)
 <LI><a href="#[8a]">GAP_Event_Callback</a> from sppledemo.o(i.GAP_Event_Callback) referenced from sppledemo.o(i.Pair)
 <LI><a href="#[8a]">GAP_Event_Callback</a> from sppledemo.o(i.GAP_Event_Callback) referenced from sppledemo.o(i.SetPairable)
 <LI><a href="#[65]">GAP_LE_Event_Callback</a> from sppledemo.o(i.GAP_LE_Event_Callback) referenced from sppledemo.o(i.AdvertiseLE)
 <LI><a href="#[65]">GAP_LE_Event_Callback</a> from sppledemo.o(i.GAP_LE_Event_Callback) referenced from sppledemo.o(i.ConnectLEDevice)
 <LI><a href="#[65]">GAP_LE_Event_Callback</a> from sppledemo.o(i.GAP_LE_Event_Callback) referenced from sppledemo.o(i.GAP_LE_Event_Callback)
 <LI><a href="#[65]">GAP_LE_Event_Callback</a> from sppledemo.o(i.GAP_LE_Event_Callback) referenced from sppledemo.o(i.SendPairingRequest)
 <LI><a href="#[65]">GAP_LE_Event_Callback</a> from sppledemo.o(i.GAP_LE_Event_Callback) referenced from sppledemo.o(i.SetPairable)
 <LI><a href="#[65]">GAP_LE_Event_Callback</a> from sppledemo.o(i.GAP_LE_Event_Callback) referenced from sppledemo.o(i.StartScan)
 <LI><a href="#[6b]">GATT_ClientEventCallback</a> from GATT.o(i.GATT_ClientEventCallback) referenced from GATT.o(i.CharacteristicDescriptorDiscoveryRequest)
 <LI><a href="#[6b]">GATT_ClientEventCallback</a> from GATT.o(i.GATT_ClientEventCallback) referenced from GATT.o(i.CharacteristicDiscoveryRequest)
 <LI><a href="#[6b]">GATT_ClientEventCallback</a> from GATT.o(i.GATT_ClientEventCallback) referenced from GATT.o(i.GATT_ClientEventCallback)
 <LI><a href="#[6b]">GATT_ClientEventCallback</a> from GATT.o(i.GATT_ClientEventCallback) referenced from GATT.o(i.IncludeDiscoveryRequest)
 <LI><a href="#[6b]">GATT_ClientEventCallback</a> from GATT.o(i.GATT_ClientEventCallback) referenced from GATT.o(i.StartServiceDiscovery)
 <LI><a href="#[a2]">GATT_ClientEventCallback_GAPS</a> from sppledemo.o(i.GATT_ClientEventCallback_GAPS) referenced from sppledemo.o(i.ReadRemoteAppearance)
 <LI><a href="#[a2]">GATT_ClientEventCallback_GAPS</a> from sppledemo.o(i.GATT_ClientEventCallback_GAPS) referenced from sppledemo.o(i.ReadRemoteName)
 <LI><a href="#[6c]">GATT_ClientEventCallback_SPPLE</a> from sppledemo.o(i.GATT_ClientEventCallback_SPPLE) referenced from sppledemo.o(i.ConfigureSPPLE)
 <LI><a href="#[6c]">GATT_ClientEventCallback_SPPLE</a> from sppledemo.o(i.GATT_ClientEventCallback_SPPLE) referenced from sppledemo.o(i.GATT_Connection_Event_Callback)
 <LI><a href="#[9f]">GATT_Connection_Event_Callback</a> from sppledemo.o(i.GATT_Connection_Event_Callback) referenced from sppledemo.o(i.OpenStack)
 <LI><a href="#[ac]">GATT_Request_Timeout</a> from GATT.o(i.GATT_Request_Timeout) referenced from GATT.o(i.StartTimerAndSendPDU)
 <LI><a href="#[70]">GATT_ServerEventCallback</a> from GAPS.o(i.GATT_ServerEventCallback) referenced from GAPS.o(i.GAPSRegisterService)
 <LI><a href="#[87]">GATT_ServerEventCallback</a> from GATT.o(i.GATT_ServerEventCallback) referenced from GATT.o(i.GATT_Initialize)
 <LI><a href="#[a3]">GATT_ServerEventCallback</a> from sppledemo.o(i.GATT_ServerEventCallback) referenced from sppledemo.o(i.RegisterSPPLE)
 <LI><a href="#[6f]">GATT_Service_Discovery_Event_Callback</a> from sppledemo.o(i.GATT_Service_Discovery_Event_Callback) referenced from sppledemo.o(i.DiscoverGAPS)
 <LI><a href="#[6f]">GATT_Service_Discovery_Event_Callback</a> from sppledemo.o(i.GATT_Service_Discovery_Event_Callback) referenced from sppledemo.o(i.DiscoverSPPLE)
 <LI><a href="#[bc]">GetClassOfDevice</a> from sppledemo.o(i.GetClassOfDevice) referenced from sppledemo.o(i.UserInterface_Client)
 <LI><a href="#[bc]">GetClassOfDevice</a> from sppledemo.o(i.GetClassOfDevice) referenced from sppledemo.o(i.UserInterface_Server)
 <LI><a href="#[c4]">GetConfigParams</a> from sppledemo.o(i.GetConfigParams) referenced from sppledemo.o(i.UserInterface_Client)
 <LI><a href="#[c4]">GetConfigParams</a> from sppledemo.o(i.GetConfigParams) referenced from sppledemo.o(i.UserInterface_Server)
 <LI><a href="#[b8]">GetLocalAddress</a> from sppledemo.o(i.GetLocalAddress) referenced from sppledemo.o(i.UserInterface_Client)
 <LI><a href="#[b8]">GetLocalAddress</a> from sppledemo.o(i.GetLocalAddress) referenced from sppledemo.o(i.UserInterface_Server)
 <LI><a href="#[ba]">GetLocalName</a> from sppledemo.o(i.GetLocalName) referenced from sppledemo.o(i.UserInterface_Client)
 <LI><a href="#[ba]">GetLocalName</a> from sppledemo.o(i.GetLocalName) referenced from sppledemo.o(i.UserInterface_Server)
 <LI><a href="#[c6]">GetQueueParams</a> from sppledemo.o(i.GetQueueParams) referenced from sppledemo.o(i.UserInterface_Client)
 <LI><a href="#[c6]">GetQueueParams</a> from sppledemo.o(i.GetQueueParams) referenced from sppledemo.o(i.UserInterface_Server)
 <LI><a href="#[bd]">GetRemoteName</a> from sppledemo.o(i.GetRemoteName) referenced from sppledemo.o(i.UserInterface_Client)
 <LI><a href="#[bd]">GetRemoteName</a> from sppledemo.o(i.GetRemoteName) referenced from sppledemo.o(i.UserInterface_Server)
 <LI><a href="#[99]">HAL_ConsoleWrite</a> from hal.o(i.HAL_ConsoleWrite) referenced from main.o(i.MainThread)
 <LI><a href="#[5d]">HASH_RNG_IRQHandler</a> from startup_stm32f40_41xxx.o(.text) referenced from startup_stm32f40_41xxx.o(RESET)
 <LI><a href="#[ec]">HCIInquiryEventHandler</a> from HCI.o(i.HCIInquiryEventHandler) referenced from HCI.o(i._HCI_Inquiry)
 <LI><a href="#[ec]">HCIInquiryEventHandler</a> from HCI.o(i.HCIInquiryEventHandler) referenced from HCI.o(i._HCI_Periodic_Inquiry_Mode)
 <LI><a href="#[ed]">HCILEAdvertisingEventHandler</a> from HCI.o(i.HCILEAdvertisingEventHandler) referenced from HCI.o(i._HCI_LE_Set_Advertise_Enable)
 <LI><a href="#[ee]">HCILEScanningEventHandler</a> from HCI.o(i.HCILEScanningEventHandler) referenced from HCI.o(i._HCI_LE_Set_Scan_Enable)
 <LI><a href="#[ee]">HCILEScanningEventHandler</a> from HCI.o(i.HCILEScanningEventHandler) referenced from HCI.o(i._HCI_LE_Set_Scan_Parameters)
 <LI><a href="#[f9]">HCILL_ReceiveBytes</a> from HCILL.o(i.HCILL_ReceiveBytes) referenced from HCIComm.o(.constdata)
 <LI><a href="#[f6]">HCILL_Reconfigure</a> from HCILL.o(i.HCILL_Reconfigure) referenced from HCIComm.o(.constdata)
 <LI><a href="#[f7]">HCILL_Resynchronize</a> from HCILL.o(i.HCILL_Resynchronize) referenced from HCIComm.o(.constdata)
 <LI><a href="#[f5]">HCILL_Shutdown</a> from HCILL.o(i.HCILL_Shutdown) referenced from HCIComm.o(.constdata)
 <LI><a href="#[f8]">HCILL_TransmitBytes</a> from HCILL.o(i.HCILL_TransmitBytes) referenced from HCIComm.o(.constdata)
 <LI><a href="#[ef]">HCIRemoteNameEventHandler</a> from HCI.o(i.HCIRemoteNameEventHandler) referenced from HCI.o(i._HCI_Remote_Name_Request)
 <LI><a href="#[9d]">HCITR_COMDataCallback_UART</a> from HCIComm.o(i.HCITR_COMDataCallback_UART) referenced from HCIComm.o(i.OpenComm)
 <LI><a href="#[98]">HCI_ACL_Data_Callback</a> from L2CAP.o(i.HCI_ACL_Data_Callback) referenced from L2CAP.o(i.L2CAP_Initialize)
 <LI><a href="#[92]">HCI_DriverCallback</a> from HCIDrv.o(i.HCI_DriverCallback) referenced from HCIDrv.o(i.HCI_OpenDriver)
 <LI><a href="#[71]">HCI_Event_Callback</a> from GAP.o(i.HCI_Event_Callback) referenced from GAP.o(i.GAP_Initialize)
 <LI><a href="#[74]">HCI_Event_Callback</a> from GAPLE.o(i.HCI_Event_Callback) referenced from GAPLE.o(i.GAP_LE_Advertising_Enable)
 <LI><a href="#[74]">HCI_Event_Callback</a> from GAPLE.o(i.HCI_Event_Callback) referenced from GAPLE.o(i.GAP_LE_Create_Connection)
 <LI><a href="#[74]">HCI_Event_Callback</a> from GAPLE.o(i.HCI_Event_Callback) referenced from GAPLE.o(i.GAP_LE_Perform_Scan)
 <LI><a href="#[93]">HCI_Event_Callback</a> from sppledemo.o(i.HCI_Event_Callback) referenced from sppledemo.o(i.InitializeApplication)
 <LI><a href="#[97]">HCI_Event_Callback</a> from L2CAP.o(i.HCI_Event_Callback) referenced from L2CAP.o(i.L2CAP_Initialize)
 <LI><a href="#[9a]">HCI_Sleep_Callback</a> from main.o(i.HCI_Sleep_Callback) referenced from main.o(i.MainThread)
 <LI><a href="#[5]">HardFault_Handler</a> from startup_stm32f40_41xxx.o(.text) referenced from startup_stm32f40_41xxx.o(RESET)
 <LI><a href="#[2d]">I2C1_ER_IRQHandler</a> from startup_stm32f40_41xxx.o(.text) referenced from startup_stm32f40_41xxx.o(RESET)
 <LI><a href="#[2c]">I2C1_EV_IRQHandler</a> from startup_stm32f40_41xxx.o(.text) referenced from startup_stm32f40_41xxx.o(RESET)
 <LI><a href="#[2f]">I2C2_ER_IRQHandler</a> from startup_stm32f40_41xxx.o(.text) referenced from startup_stm32f40_41xxx.o(RESET)
 <LI><a href="#[2e]">I2C2_EV_IRQHandler</a> from startup_stm32f40_41xxx.o(.text) referenced from startup_stm32f40_41xxx.o(RESET)
 <LI><a href="#[56]">I2C3_ER_IRQHandler</a> from startup_stm32f40_41xxx.o(.text) referenced from startup_stm32f40_41xxx.o(RESET)
 <LI><a href="#[55]">I2C3_EV_IRQHandler</a> from startup_stm32f40_41xxx.o(.text) referenced from startup_stm32f40_41xxx.o(RESET)
 <LI><a href="#[9c]">IdleFunction</a> from main.o(i.IdleFunction) referenced from main.o(i.MainThread)
 <LI><a href="#[ff]">IdleTimerExpired</a> from TWUART.o(i.IdleTimerExpired) referenced from TWUART.o(.constdata)
 <LI><a href="#[ad]">Inquiry</a> from sppledemo.o(i.Inquiry) referenced from sppledemo.o(i.UserInterface_Client)
 <LI><a href="#[ad]">Inquiry</a> from sppledemo.o(i.Inquiry) referenced from sppledemo.o(i.UserInterface_Server)
 <LI><a href="#[6d]">L2CAP_ConnectionTimeout</a> from L2CAP.o(i.L2CAP_ConnectionTimeout) referenced from L2CAP.o(i.DelayedAuthenticationProcess)
 <LI><a href="#[6d]">L2CAP_ConnectionTimeout</a> from L2CAP.o(i.L2CAP_ConnectionTimeout) referenced from L2CAP.o(i.HCI_Event_Callback)
 <LI><a href="#[6d]">L2CAP_ConnectionTimeout</a> from L2CAP.o(i.L2CAP_ConnectionTimeout) referenced from L2CAP.o(i.HandleChannelDisconnection)
 <LI><a href="#[6d]">L2CAP_ConnectionTimeout</a> from L2CAP.o(i.L2CAP_ConnectionTimeout) referenced from L2CAP.o(i._L2CA_Connect_Request)
 <LI><a href="#[8b]">L2CAP_ReceiveTimeout</a> from L2CAP.o(i.L2CAP_ReceiveTimeout) referenced from L2CAP.o(i.HCI_ACL_Data_Callback)
 <LI><a href="#[96]">L2CAP_RequestTimeout</a> from L2CAP.o(i.L2CAP_RequestTimeout) referenced from L2CAP.o(i.L2CAP_ConnectResponseEvent)
 <LI><a href="#[96]">L2CAP_RequestTimeout</a> from L2CAP.o(i.L2CAP_RequestTimeout) referenced from L2CAP.o(i.ProcessSendQueueData)
 <LI><a href="#[95]">L2CAP_StateTimeout</a> from L2CAP.o(i.L2CAP_StateTimeout) referenced from L2CAP.o(i.L2CAP_ConfigRequestEvent)
 <LI><a href="#[95]">L2CAP_StateTimeout</a> from L2CAP.o(i.L2CAP_StateTimeout) referenced from L2CAP.o(i.L2CAP_ConnectRequestEvent)
 <LI><a href="#[95]">L2CAP_StateTimeout</a> from L2CAP.o(i.L2CAP_StateTimeout) referenced from L2CAP.o(i.L2CAP_ConnectResponseEvent)
 <LI><a href="#[95]">L2CAP_StateTimeout</a> from L2CAP.o(i.L2CAP_StateTimeout) referenced from L2CAP.o(i._L2CA_Config_Request)
 <LI><a href="#[95]">L2CAP_StateTimeout</a> from L2CAP.o(i.L2CAP_StateTimeout) referenced from L2CAP.o(i._L2CA_Connect_Response)
 <LI><a href="#[75]">L2CA_Event_Callback</a> from GAPLE.o(i.L2CA_Event_Callback) referenced from GAPLE.o(i.GAP_LE_Advertising_Enable)
 <LI><a href="#[75]">L2CA_Event_Callback</a> from GAPLE.o(i.L2CA_Event_Callback) referenced from GAPLE.o(i.GAP_LE_Create_Connection)
 <LI><a href="#[86]">L2CA_Event_Callback</a> from GATT.o(i.L2CA_Event_Callback) referenced from GATT.o(i.GATT_Initialize)
 <LI><a href="#[a6]">L2CA_Event_Callback</a> from SDP.o(i.L2CA_Event_Callback) referenced from SDP.o(i.SDP_Initialize)
 <LI><a href="#[f0]">L2CA_Event_Callback</a> from RFCOMM.o(i.L2CA_Event_Callback) referenced from RFCOMM.o(i._RFCOMM_Open_Request)
 <LI><a href="#[f0]">L2CA_Event_Callback</a> from RFCOMM.o(i.L2CA_Event_Callback) referenced from RFCOMM.o(i._RFCOMM_Register_Server_Channel)
 <LI><a href="#[d8]">LEPassKeyResponse</a> from sppledemo.o(i.LEPassKeyResponse) referenced from sppledemo.o(i.UserInterface_Client)
 <LI><a href="#[d8]">LEPassKeyResponse</a> from sppledemo.o(i.LEPassKeyResponse) referenced from sppledemo.o(i.UserInterface_Server)
 <LI><a href="#[d9]">LEQueryEncryption</a> from sppledemo.o(i.LEQueryEncryption) referenced from sppledemo.o(i.UserInterface_Client)
 <LI><a href="#[d9]">LEQueryEncryption</a> from sppledemo.o(i.LEQueryEncryption) referenced from sppledemo.o(i.UserInterface_Server)
 <LI><a href="#[da]">LESetPasskey</a> from sppledemo.o(i.LESetPasskey) referenced from sppledemo.o(i.UserInterface_Client)
 <LI><a href="#[da]">LESetPasskey</a> from sppledemo.o(i.LESetPasskey) referenced from sppledemo.o(i.UserInterface_Server)
 <LI><a href="#[c8]">Loopback</a> from sppledemo.o(i.Loopback) referenced from sppledemo.o(i.UserInterface_Client)
 <LI><a href="#[c8]">Loopback</a> from sppledemo.o(i.Loopback) referenced from sppledemo.o(i.UserInterface_Server)
 <LI><a href="#[8c]">MailboxDeleteDataCallback</a> from HCI.o(i.MailboxDeleteDataCallback) referenced from HCI.o(i.HCI_Cleanup)
 <LI><a href="#[8c]">MailboxDeleteDataCallback</a> from HCI.o(i.MailboxDeleteDataCallback) referenced from HCI.o(i.HCI_Initialize)
 <LI><a href="#[6]">MemManage_Handler</a> from startup_stm32f40_41xxx.o(.text) referenced from startup_stm32f40_41xxx.o(RESET)
 <LI><a href="#[4]">NMI_Handler</a> from startup_stm32f40_41xxx.o(.text) referenced from startup_stm32f40_41xxx.o(RESET)
 <LI><a href="#[50]">OTG_FS_IRQHandler</a> from startup_stm32f40_41xxx.o(.text) referenced from startup_stm32f40_41xxx.o(RESET)
 <LI><a href="#[37]">OTG_FS_WKUP_IRQHandler</a> from startup_stm32f40_41xxx.o(.text) referenced from startup_stm32f40_41xxx.o(RESET)
 <LI><a href="#[58]">OTG_HS_EP1_IN_IRQHandler</a> from startup_stm32f40_41xxx.o(.text) referenced from startup_stm32f40_41xxx.o(RESET)
 <LI><a href="#[57]">OTG_HS_EP1_OUT_IRQHandler</a> from startup_stm32f40_41xxx.o(.text) referenced from startup_stm32f40_41xxx.o(RESET)
 <LI><a href="#[5a]">OTG_HS_IRQHandler</a> from startup_stm32f40_41xxx.o(.text) referenced from startup_stm32f40_41xxx.o(RESET)
 <LI><a href="#[59]">OTG_HS_WKUP_IRQHandler</a> from startup_stm32f40_41xxx.o(.text) referenced from startup_stm32f40_41xxx.o(RESET)
 <LI><a href="#[c0]">OpenRemoteServer</a> from sppledemo.o(i.OpenRemoteServer) referenced from sppledemo.o(i.UserInterface_Client)
 <LI><a href="#[ea]">OpenServer</a> from sppledemo.o(i.OpenServer) referenced from sppledemo.o(i.UserInterface_Server)
 <LI><a href="#[b1]">PINCodeResponse</a> from sppledemo.o(i.PINCodeResponse) referenced from sppledemo.o(i.UserInterface_Client)
 <LI><a href="#[b1]">PINCodeResponse</a> from sppledemo.o(i.PINCodeResponse) referenced from sppledemo.o(i.UserInterface_Server)
 <LI><a href="#[e]">PVD_IRQHandler</a> from startup_stm32f40_41xxx.o(.text) referenced from startup_stm32f40_41xxx.o(RESET)
 <LI><a href="#[af]">Pair</a> from sppledemo.o(i.Pair) referenced from sppledemo.o(i.UserInterface_Client)
 <LI><a href="#[af]">Pair</a> from sppledemo.o(i.Pair) referenced from sppledemo.o(i.UserInterface_Server)
 <LI><a href="#[d7]">PairLE</a> from sppledemo.o(i.PairLE) referenced from sppledemo.o(i.UserInterface_Client)
 <LI><a href="#[d7]">PairLE</a> from sppledemo.o(i.PairLE) referenced from sppledemo.o(i.UserInterface_Server)
 <LI><a href="#[b2]">PassKeyResponse</a> from sppledemo.o(i.PassKeyResponse) referenced from sppledemo.o(i.UserInterface_Client)
 <LI><a href="#[b2]">PassKeyResponse</a> from sppledemo.o(i.PassKeyResponse) referenced from sppledemo.o(i.UserInterface_Server)
 <LI><a href="#[77]">PasskeyEventDispatcher</a> from GAPLE.o(i.PasskeyEventDispatcher) referenced from GAPLE.o(i.GAP_LE_Authentication_Response)
 <LI><a href="#[b]">PendSV_Handler</a> from startup_stm32f40_41xxx.o(.text) referenced from startup_stm32f40_41xxx.o(RESET)
 <LI><a href="#[78]">Phase3DistributionScheduler</a> from GAPLE.o(i.Phase3DistributionScheduler) referenced from GAPLE.o(i.GAP_LE_Authentication_Response)
 <LI><a href="#[78]">Phase3DistributionScheduler</a> from GAPLE.o(i.Phase3DistributionScheduler) referenced from GAPLE.o(i.L2CA_Event_Callback)
 <LI><a href="#[9b]">ProcessCharacters</a> from main.o(i.ProcessCharacters) referenced from main.o(i.MainThread)
 <LI><a href="#[94]">ProtocolEventCallback</a> from HCIComm.o(i.ProtocolEventCallback) referenced from HCIComm.o(i.InitializeProtocol)
 <LI><a href="#[a0]">ProtocolTimerCallback</a> from HCIComm.o(i.ProtocolTimerCallback) referenced from HCIComm.o(i.ProtocolEventCallback)
 <LI><a href="#[e7]">QueryMemory</a> from sppledemo.o(i.QueryMemory) referenced from sppledemo.o(i.UserInterface_Client)
 <LI><a href="#[e7]">QueryMemory</a> from sppledemo.o(i.QueryMemory) referenced from sppledemo.o(i.UserInterface_Server)
 <LI><a href="#[12]">RCC_IRQHandler</a> from startup_stm32f40_41xxx.o(.text) referenced from startup_stm32f40_41xxx.o(RESET)
 <LI><a href="#[f1]">RFCOMMCleanupHandler</a> from RFCOMM.o(i.RFCOMMCleanupHandler) referenced from RFCOMM.o(i._RFCOMM_Open_Request)
 <LI><a href="#[f1]">RFCOMMCleanupHandler</a> from RFCOMM.o(i.RFCOMMCleanupHandler) referenced from RFCOMM.o(i._RFCOMM_Register_Server_Channel)
 <LI><a href="#[f2]">RFCOMMClientSABMMessageHandler</a> from RFCOMM.o(i.RFCOMMClientSABMMessageHandler) referenced from RFCOMM.o(i._RFCOMM_Open_Request)
 <LI><a href="#[f4]">RFCOMMServerPNMessageHandler</a> from RFCOMM.o(i.RFCOMMServerPNMessageHandler) referenced from RFCOMM.o(i._RFCOMM_Register_Server_Channel)
 <LI><a href="#[f3]">RFCOMMServerSABMMessageHandler</a> from RFCOMM.o(i.RFCOMMServerSABMMessageHandler) referenced from RFCOMM.o(i._RFCOMM_Register_Server_Channel)
 <LI><a href="#[a8]">RFCOMM_Event_Callback</a> from SPP.o(i.RFCOMM_Event_Callback) referenced from SPP.o(i.SPP_Open_Remote_Port)
 <LI><a href="#[a8]">RFCOMM_Event_Callback</a> from SPP.o(i.RFCOMM_Event_Callback) referenced from SPP.o(i.SPP_Open_Server_Port)
 <LI><a href="#[6e]">RFCOMM_SignalTimeout</a> from RFCOMM.o(i.RFCOMM_SignalTimeout) referenced from RFCOMM.o(i.Disconnect)
 <LI><a href="#[6e]">RFCOMM_SignalTimeout</a> from RFCOMM.o(i.RFCOMM_SignalTimeout) referenced from RFCOMM.o(i.L2CA_Event_Callback)
 <LI><a href="#[6e]">RFCOMM_SignalTimeout</a> from RFCOMM.o(i.RFCOMM_SignalTimeout) referenced from RFCOMM.o(i.ProcessRFCOMMControlMessage)
 <LI><a href="#[6e]">RFCOMM_SignalTimeout</a> from RFCOMM.o(i.RFCOMM_SignalTimeout) referenced from RFCOMM.o(i.RFCOMMClientSABMMessageHandler)
 <LI><a href="#[6e]">RFCOMM_SignalTimeout</a> from RFCOMM.o(i.RFCOMM_SignalTimeout) referenced from RFCOMM.o(i.SendFormattedControlMessage)
 <LI><a href="#[6e]">RFCOMM_SignalTimeout</a> from RFCOMM.o(i.RFCOMM_SignalTimeout) referenced from RFCOMM.o(i._RFCOMM_Open_Request)
 <LI><a href="#[6e]">RFCOMM_SignalTimeout</a> from RFCOMM.o(i.RFCOMM_SignalTimeout) referenced from RFCOMM.o(i._RFCOMM_Release_Request)
 <LI><a href="#[36]">RTC_Alarm_IRQHandler</a> from startup_stm32f40_41xxx.o(.text) referenced from startup_stm32f40_41xxx.o(RESET)
 <LI><a href="#[10]">RTC_WKUP_IRQHandler</a> from startup_stm32f40_41xxx.o(.text) referenced from startup_stm32f40_41xxx.o(RESET)
 <LI><a href="#[c2]">Read</a> from sppledemo.o(i.Read) referenced from sppledemo.o(i.UserInterface_Client)
 <LI><a href="#[c2]">Read</a> from sppledemo.o(i.Read) referenced from sppledemo.o(i.UserInterface_Server)
 <LI><a href="#[e5]">ReadDataCommand</a> from sppledemo.o(i.ReadDataCommand) referenced from sppledemo.o(i.UserInterface_Client)
 <LI><a href="#[e5]">ReadDataCommand</a> from sppledemo.o(i.ReadDataCommand) referenced from sppledemo.o(i.UserInterface_Server)
 <LI><a href="#[e1]">ReadLocalAppearance</a> from sppledemo.o(i.ReadLocalAppearance) referenced from sppledemo.o(i.UserInterface_Client)
 <LI><a href="#[e1]">ReadLocalAppearance</a> from sppledemo.o(i.ReadLocalAppearance) referenced from sppledemo.o(i.UserInterface_Server)
 <LI><a href="#[df]">ReadLocalName</a> from sppledemo.o(i.ReadLocalName) referenced from sppledemo.o(i.UserInterface_Client)
 <LI><a href="#[df]">ReadLocalName</a> from sppledemo.o(i.ReadLocalName) referenced from sppledemo.o(i.UserInterface_Server)
 <LI><a href="#[e3]">ReadRemoteAppearance</a> from sppledemo.o(i.ReadRemoteAppearance) referenced from sppledemo.o(i.UserInterface_Client)
 <LI><a href="#[e3]">ReadRemoteAppearance</a> from sppledemo.o(i.ReadRemoteAppearance) referenced from sppledemo.o(i.UserInterface_Server)
 <LI><a href="#[e0]">ReadRemoteName</a> from sppledemo.o(i.ReadRemoteName) referenced from sppledemo.o(i.UserInterface_Client)
 <LI><a href="#[e0]">ReadRemoteName</a> from sppledemo.o(i.ReadRemoteName) referenced from sppledemo.o(i.UserInterface_Server)
 <LI><a href="#[88]">ReadResponseEvent</a> from GATT.o(i.ReadResponseEvent) referenced from GATT.o(i.GATT_Read_Value_Request)
 <LI><a href="#[dc]">RegisterSPPLE</a> from sppledemo.o(i.RegisterSPPLE) referenced from sppledemo.o(i.UserInterface_Client)
 <LI><a href="#[dc]">RegisterSPPLE</a> from sppledemo.o(i.RegisterSPPLE) referenced from sppledemo.o(i.UserInterface_Server)
 <LI><a href="#[3]">Reset_Handler</a> from startup_stm32f40_41xxx.o(.text) referenced from startup_stm32f40_41xxx.o(RESET)
 <LI><a href="#[100]">RetransmitTimerExpired</a> from TWUART.o(i.RetransmitTimerExpired) referenced from TWUART.o(.constdata)
 <LI><a href="#[3e]">SDIO_IRQHandler</a> from startup_stm32f40_41xxx.o(.text) referenced from startup_stm32f40_41xxx.o(RESET)
 <LI><a href="#[30]">SPI1_IRQHandler</a> from startup_stm32f40_41xxx.o(.text) referenced from startup_stm32f40_41xxx.o(RESET)
 <LI><a href="#[31]">SPI2_IRQHandler</a> from startup_stm32f40_41xxx.o(.text) referenced from startup_stm32f40_41xxx.o(RESET)
 <LI><a href="#[40]">SPI3_IRQHandler</a> from startup_stm32f40_41xxx.o(.text) referenced from startup_stm32f40_41xxx.o(RESET)
 <LI><a href="#[a7]">SPPClientHandler</a> from SPP.o(i.SPPClientHandler) referenced from SPP.o(i.SPP_Open_Remote_Port)
 <LI><a href="#[aa]">SPPServerHandler</a> from SPP.o(i.SPPServerHandler) referenced from SPP.o(i.SPP_Open_Server_Port)
 <LI><a href="#[9e]">SPP_Event_Callback</a> from sppledemo.o(i.SPP_Event_Callback) referenced from sppledemo.o(i.OpenRemoteServer)
 <LI><a href="#[9e]">SPP_Event_Callback</a> from sppledemo.o(i.SPP_Event_Callback) referenced from sppledemo.o(i.OpenServer)
 <LI><a href="#[9]">SVC_Handler</a> from startup_stm32f40_41xxx.o(.text) referenced from startup_stm32f40_41xxx.o(RESET)
 <LI><a href="#[cc]">SendData</a> from sppledemo.o(i.SendData) referenced from sppledemo.o(i.UserInterface_Client)
 <LI><a href="#[cc]">SendData</a> from sppledemo.o(i.SendData) referenced from sppledemo.o(i.UserInterface_Server)
 <LI><a href="#[e4]">SendDataCommand</a> from sppledemo.o(i.SendDataCommand) referenced from sppledemo.o(i.UserInterface_Client)
 <LI><a href="#[e4]">SendDataCommand</a> from sppledemo.o(i.SendDataCommand) referenced from sppledemo.o(i.UserInterface_Server)
 <LI><a href="#[e8]">ServerMode</a> from sppledemo.o(i.ServerMode) referenced from sppledemo.o(i.UserInterface_Selection)
 <LI><a href="#[cb]">SetBaudRate</a> from sppledemo.o(i.SetBaudRate) referenced from sppledemo.o(i.UserInterface_Client)
 <LI><a href="#[cb]">SetBaudRate</a> from sppledemo.o(i.SetBaudRate) referenced from sppledemo.o(i.UserInterface_Server)
 <LI><a href="#[b5]">SetCBConnectabilityMode</a> from sppledemo.o(i.SetCBConnectabilityMode) referenced from sppledemo.o(i.UserInterface_Client)
 <LI><a href="#[b5]">SetCBConnectabilityMode</a> from sppledemo.o(i.SetCBConnectabilityMode) referenced from sppledemo.o(i.UserInterface_Server)
 <LI><a href="#[b4]">SetCBDiscoverabilityMode</a> from sppledemo.o(i.SetCBDiscoverabilityMode) referenced from sppledemo.o(i.UserInterface_Client)
 <LI><a href="#[b4]">SetCBDiscoverabilityMode</a> from sppledemo.o(i.SetCBDiscoverabilityMode) referenced from sppledemo.o(i.UserInterface_Server)
 <LI><a href="#[b6]">SetCBPairabilityMode</a> from sppledemo.o(i.SetCBPairabilityMode) referenced from sppledemo.o(i.UserInterface_Client)
 <LI><a href="#[b6]">SetCBPairabilityMode</a> from sppledemo.o(i.SetCBPairabilityMode) referenced from sppledemo.o(i.UserInterface_Server)
 <LI><a href="#[bb]">SetClassOfDevice</a> from sppledemo.o(i.SetClassOfDevice) referenced from sppledemo.o(i.UserInterface_Client)
 <LI><a href="#[bb]">SetClassOfDevice</a> from sppledemo.o(i.SetClassOfDevice) referenced from sppledemo.o(i.UserInterface_Server)
 <LI><a href="#[c5]">SetConfigParams</a> from sppledemo.o(i.SetConfigParams) referenced from sppledemo.o(i.UserInterface_Client)
 <LI><a href="#[c5]">SetConfigParams</a> from sppledemo.o(i.SetConfigParams) referenced from sppledemo.o(i.UserInterface_Server)
 <LI><a href="#[ce]">SetLEConnectabilityMode</a> from sppledemo.o(i.SetLEConnectabilityMode) referenced from sppledemo.o(i.UserInterface_Client)
 <LI><a href="#[ce]">SetLEConnectabilityMode</a> from sppledemo.o(i.SetLEConnectabilityMode) referenced from sppledemo.o(i.UserInterface_Server)
 <LI><a href="#[cd]">SetLEDiscoverabilityMode</a> from sppledemo.o(i.SetLEDiscoverabilityMode) referenced from sppledemo.o(i.UserInterface_Client)
 <LI><a href="#[cd]">SetLEDiscoverabilityMode</a> from sppledemo.o(i.SetLEDiscoverabilityMode) referenced from sppledemo.o(i.UserInterface_Server)
 <LI><a href="#[cf]">SetLEPairabilityMode</a> from sppledemo.o(i.SetLEPairabilityMode) referenced from sppledemo.o(i.UserInterface_Client)
 <LI><a href="#[cf]">SetLEPairabilityMode</a> from sppledemo.o(i.SetLEPairabilityMode) referenced from sppledemo.o(i.UserInterface_Server)
 <LI><a href="#[e2]">SetLocalAppearance</a> from sppledemo.o(i.SetLocalAppearance) referenced from sppledemo.o(i.UserInterface_Client)
 <LI><a href="#[e2]">SetLocalAppearance</a> from sppledemo.o(i.SetLocalAppearance) referenced from sppledemo.o(i.UserInterface_Server)
 <LI><a href="#[b9]">SetLocalName</a> from sppledemo.o(i.SetLocalName) referenced from sppledemo.o(i.UserInterface_Client)
 <LI><a href="#[b9]">SetLocalName</a> from sppledemo.o(i.SetLocalName) referenced from sppledemo.o(i.UserInterface_Server)
 <LI><a href="#[c7]">SetQueueParams</a> from sppledemo.o(i.SetQueueParams) referenced from sppledemo.o(i.UserInterface_Client)
 <LI><a href="#[c7]">SetQueueParams</a> from sppledemo.o(i.SetQueueParams) referenced from sppledemo.o(i.UserInterface_Server)
 <LI><a href="#[be]">SniffMode</a> from sppledemo.o(i.SniffMode) referenced from sppledemo.o(i.UserInterface_Client)
 <LI><a href="#[be]">SniffMode</a> from sppledemo.o(i.SniffMode) referenced from sppledemo.o(i.UserInterface_Server)
 <LI><a href="#[d2]">StartScanning</a> from sppledemo.o(i.StartScanning) referenced from sppledemo.o(i.UserInterface_Client)
 <LI><a href="#[d2]">StartScanning</a> from sppledemo.o(i.StartScanning) referenced from sppledemo.o(i.UserInterface_Server)
 <LI><a href="#[d3]">StopScanning</a> from sppledemo.o(i.StopScanning) referenced from sppledemo.o(i.UserInterface_Client)
 <LI><a href="#[d3]">StopScanning</a> from sppledemo.o(i.StopScanning) referenced from sppledemo.o(i.UserInterface_Server)
 <LI><a href="#[6a]">SynchronousHCICommandCallback</a> from HCI.o(i.SynchronousHCICommandCallback) referenced from HCI.o(i.BuildAndSubmitCommandBD_ADDRByte)
 <LI><a href="#[6a]">SynchronousHCICommandCallback</a> from HCI.o(i.SynchronousHCICommandCallback) referenced from HCI.o(i.BuildAndSubmitCommandBD_ADDRByteVariable)
 <LI><a href="#[6a]">SynchronousHCICommandCallback</a> from HCI.o(i.SynchronousHCICommandCallback) referenced from HCI.o(i.BuildAndSubmitCommandByte)
 <LI><a href="#[6a]">SynchronousHCICommandCallback</a> from HCI.o(i.SynchronousHCICommandCallback) referenced from HCI.o(i.BuildAndSubmitCommandByteVariable)
 <LI><a href="#[6a]">SynchronousHCICommandCallback</a> from HCI.o(i.SynchronousHCICommandCallback) referenced from HCI.o(i.BuildAndSubmitCommandThreeWords)
 <LI><a href="#[6a]">SynchronousHCICommandCallback</a> from HCI.o(i.SynchronousHCICommandCallback) referenced from HCI.o(i.BuildAndSubmitCommandWord)
 <LI><a href="#[6a]">SynchronousHCICommandCallback</a> from HCI.o(i.SynchronousHCICommandCallback) referenced from HCI.o(i.BuildAndSubmitCommandWordByte)
 <LI><a href="#[6a]">SynchronousHCICommandCallback</a> from HCI.o(i.SynchronousHCICommandCallback) referenced from HCI.o(i.HCI_Send_Raw_Command)
 <LI><a href="#[6a]">SynchronousHCICommandCallback</a> from HCI.o(i.SynchronousHCICommandCallback) referenced from HCI.o(i._HCI_Change_Local_Name)
 <LI><a href="#[6a]">SynchronousHCICommandCallback</a> from HCI.o(i.SynchronousHCICommandCallback) referenced from HCI.o(i._HCI_Create_Connection)
 <LI><a href="#[6a]">SynchronousHCICommandCallback</a> from HCI.o(i.SynchronousHCICommandCallback) referenced from HCI.o(i._HCI_Host_Number_Of_Completed_Packets)
 <LI><a href="#[6a]">SynchronousHCICommandCallback</a> from HCI.o(i.SynchronousHCICommandCallback) referenced from HCI.o(i._HCI_Inquiry)
 <LI><a href="#[6a]">SynchronousHCICommandCallback</a> from HCI.o(i.SynchronousHCICommandCallback) referenced from HCI.o(i._HCI_LE_Connection_Update)
 <LI><a href="#[6a]">SynchronousHCICommandCallback</a> from HCI.o(i.SynchronousHCICommandCallback) referenced from HCI.o(i._HCI_LE_Create_Connection)
 <LI><a href="#[6a]">SynchronousHCICommandCallback</a> from HCI.o(i.SynchronousHCICommandCallback) referenced from HCI.o(i._HCI_LE_Encrypt)
 <LI><a href="#[6a]">SynchronousHCICommandCallback</a> from HCI.o(i.SynchronousHCICommandCallback) referenced from HCI.o(i._HCI_LE_Long_Term_Key_Request_Reply)
 <LI><a href="#[6a]">SynchronousHCICommandCallback</a> from HCI.o(i.SynchronousHCICommandCallback) referenced from HCI.o(i._HCI_LE_Set_Advertising_Parameters)
 <LI><a href="#[6a]">SynchronousHCICommandCallback</a> from HCI.o(i.SynchronousHCICommandCallback) referenced from HCI.o(i._HCI_LE_Set_Scan_Parameters)
 <LI><a href="#[6a]">SynchronousHCICommandCallback</a> from HCI.o(i.SynchronousHCICommandCallback) referenced from HCI.o(i._HCI_LE_Start_Encryption)
 <LI><a href="#[6a]">SynchronousHCICommandCallback</a> from HCI.o(i.SynchronousHCICommandCallback) referenced from HCI.o(i._HCI_Periodic_Inquiry_Mode)
 <LI><a href="#[6a]">SynchronousHCICommandCallback</a> from HCI.o(i.SynchronousHCICommandCallback) referenced from HCI.o(i._HCI_Remote_Name_Request)
 <LI><a href="#[6a]">SynchronousHCICommandCallback</a> from HCI.o(i.SynchronousHCICommandCallback) referenced from HCI.o(i._HCI_Remote_OOB_Data_Request_Reply)
 <LI><a href="#[6a]">SynchronousHCICommandCallback</a> from HCI.o(i.SynchronousHCICommandCallback) referenced from HCI.o(i._HCI_Sniff_Mode)
 <LI><a href="#[c]">SysTick_Handler</a> from btpskrnl.o(i.SysTick_Handler) referenced from startup_stm32f40_41xxx.o(RESET)
 <LI><a href="#[5f]">SystemInit</a> from system_stm32f4xx.o(i.SystemInit) referenced from startup_stm32f40_41xxx.o(.text)
 <LI><a href="#[f]">TAMP_STAMP_IRQHandler</a> from startup_stm32f40_41xxx.o(.text) referenced from startup_stm32f40_41xxx.o(RESET)
 <LI><a href="#[25]">TIM1_BRK_TIM9_IRQHandler</a> from startup_stm32f40_41xxx.o(.text) referenced from startup_stm32f40_41xxx.o(RESET)
 <LI><a href="#[28]">TIM1_CC_IRQHandler</a> from startup_stm32f40_41xxx.o(.text) referenced from startup_stm32f40_41xxx.o(RESET)
 <LI><a href="#[27]">TIM1_TRG_COM_TIM11_IRQHandler</a> from startup_stm32f40_41xxx.o(.text) referenced from startup_stm32f40_41xxx.o(RESET)
 <LI><a href="#[26]">TIM1_UP_TIM10_IRQHandler</a> from startup_stm32f40_41xxx.o(.text) referenced from startup_stm32f40_41xxx.o(RESET)
 <LI><a href="#[29]">TIM2_IRQHandler</a> from startup_stm32f40_41xxx.o(.text) referenced from startup_stm32f40_41xxx.o(RESET)
 <LI><a href="#[2a]">TIM3_IRQHandler</a> from startup_stm32f40_41xxx.o(.text) referenced from startup_stm32f40_41xxx.o(RESET)
 <LI><a href="#[2b]">TIM4_IRQHandler</a> from startup_stm32f40_41xxx.o(.text) referenced from startup_stm32f40_41xxx.o(RESET)
 <LI><a href="#[3f]">TIM5_IRQHandler</a> from startup_stm32f40_41xxx.o(.text) referenced from startup_stm32f40_41xxx.o(RESET)
 <LI><a href="#[43]">TIM6_DAC_IRQHandler</a> from startup_stm32f40_41xxx.o(.text) referenced from startup_stm32f40_41xxx.o(RESET)
 <LI><a href="#[44]">TIM7_IRQHandler</a> from startup_stm32f40_41xxx.o(.text) referenced from startup_stm32f40_41xxx.o(RESET)
 <LI><a href="#[38]">TIM8_BRK_TIM12_IRQHandler</a> from startup_stm32f40_41xxx.o(.text) referenced from startup_stm32f40_41xxx.o(RESET)
 <LI><a href="#[3b]">TIM8_CC_IRQHandler</a> from startup_stm32f40_41xxx.o(.text) referenced from startup_stm32f40_41xxx.o(RESET)
 <LI><a href="#[3a]">TIM8_TRG_COM_TIM14_IRQHandler</a> from startup_stm32f40_41xxx.o(.text) referenced from startup_stm32f40_41xxx.o(RESET)
 <LI><a href="#[39]">TIM8_UP_TIM13_IRQHandler</a> from startup_stm32f40_41xxx.o(.text) referenced from startup_stm32f40_41xxx.o(RESET)
 <LI><a href="#[fe]">TWUART_ReceiveBytes</a> from TWUART.o(i.TWUART_ReceiveBytes) referenced from HCIComm.o(.constdata)
 <LI><a href="#[fb]">TWUART_Reconfigure</a> from TWUART.o(i.TWUART_Reconfigure) referenced from HCIComm.o(.constdata)
 <LI><a href="#[fc]">TWUART_Resynchronize</a> from TWUART.o(i.TWUART_Resynchronize) referenced from HCIComm.o(.constdata)
 <LI><a href="#[fa]">TWUART_Shutdown</a> from TWUART.o(i.TWUART_Shutdown) referenced from HCIComm.o(.constdata)
 <LI><a href="#[fd]">TWUART_TransmitBytes</a> from TWUART.o(i.TWUART_TransmitBytes) referenced from HCIComm.o(.constdata)
 <LI><a href="#[68]">TimerCallback</a> from BSC.o(i.TimerCallback) referenced from BSC.o(i.BSC_StartTimer)
 <LI><a href="#[66]">Timer_Event_Callback</a> from GAPLE.o(i.Timer_Event_Callback) referenced from GAPLE.o(i.AuthenticationResponsePasskeyConfirmationResponse)
 <LI><a href="#[66]">Timer_Event_Callback</a> from GAPLE.o(i.Timer_Event_Callback) referenced from GAPLE.o(i.GAPLESecurityManagerMasterEventHandler)
 <LI><a href="#[66]">Timer_Event_Callback</a> from GAPLE.o(i.Timer_Event_Callback) referenced from GAPLE.o(i.GAPLESecurityManagerSlaveEventHandler)
 <LI><a href="#[66]">Timer_Event_Callback</a> from GAPLE.o(i.Timer_Event_Callback) referenced from GAPLE.o(i.GAP_LE_Authentication_Response)
 <LI><a href="#[66]">Timer_Event_Callback</a> from GAPLE.o(i.Timer_Event_Callback) referenced from GAPLE.o(i.GAP_LE_Pair_Remote_Device)
 <LI><a href="#[66]">Timer_Event_Callback</a> from GAPLE.o(i.Timer_Event_Callback) referenced from GAPLE.o(i.GAP_LE_Reestablish_Security)
 <LI><a href="#[66]">Timer_Event_Callback</a> from GAPLE.o(i.Timer_Event_Callback) referenced from GAPLE.o(i.GAP_LE_Request_Security)
 <LI><a href="#[66]">Timer_Event_Callback</a> from GAPLE.o(i.Timer_Event_Callback) referenced from GAPLE.o(i.L2CA_Event_Callback)
 <LI><a href="#[41]">UART4_IRQHandler</a> from startup_stm32f40_41xxx.o(.text) referenced from startup_stm32f40_41xxx.o(RESET)
 <LI><a href="#[42]">UART5_IRQHandler</a> from hcitrans.o(i.UART5_IRQHandler) referenced from startup_stm32f40_41xxx.o(RESET)
 <LI><a href="#[32]">USART1_IRQHandler</a> from startup_stm32f40_41xxx.o(.text) referenced from startup_stm32f40_41xxx.o(RESET)
 <LI><a href="#[33]">USART2_IRQHandler</a> from hal.o(i.USART2_IRQHandler) referenced from startup_stm32f40_41xxx.o(RESET)
 <LI><a href="#[34]">USART3_IRQHandler</a> from startup_stm32f40_41xxx.o(.text) referenced from startup_stm32f40_41xxx.o(RESET)
 <LI><a href="#[54]">USART6_IRQHandler</a> from startup_stm32f40_41xxx.o(.text) referenced from startup_stm32f40_41xxx.o(RESET)
 <LI><a href="#[8d]">UpdateHCICallbackThread</a> from HCI.o(i.UpdateHCICallbackThread) referenced from HCI.o(i.HCI_Cleanup)
 <LI><a href="#[8d]">UpdateHCICallbackThread</a> from HCI.o(i.UpdateHCICallbackThread) referenced from HCI.o(i.HCI_Initialize)
 <LI><a href="#[69]">UpdateTimerModule</a> from BTPSTMR.o(i.UpdateTimerModule) referenced from BTPSTMR.o(i.BTPS_CleanupTimerModule)
 <LI><a href="#[69]">UpdateTimerModule</a> from BTPSTMR.o(i.UpdateTimerModule) referenced from BTPSTMR.o(i.BTPS_InitializeTimerModule)
 <LI><a href="#[8]">UsageFault_Handler</a> from startup_stm32f40_41xxx.o(.text) referenced from startup_stm32f40_41xxx.o(RESET)
 <LI><a href="#[b3]">UserConfirmationResponse</a> from sppledemo.o(i.UserConfirmationResponse) referenced from sppledemo.o(i.UserInterface_Client)
 <LI><a href="#[b3]">UserConfirmationResponse</a> from sppledemo.o(i.UserConfirmationResponse) referenced from sppledemo.o(i.UserInterface_Server)
 <LI><a href="#[d]">WWDG_IRQHandler</a> from startup_stm32f40_41xxx.o(.text) referenced from startup_stm32f40_41xxx.o(RESET)
 <LI><a href="#[c3]">Write</a> from sppledemo.o(i.Write) referenced from sppledemo.o(i.UserInterface_Client)
 <LI><a href="#[c3]">Write</a> from sppledemo.o(i.Write) referenced from sppledemo.o(i.UserInterface_Server)
 <LI><a href="#[89]">WriteResponseEvent</a> from GATT.o(i.WriteResponseEvent) referenced from GATT.o(i.GATT_Write_Request)
 <LI><a href="#[7b]">_HCI_Event_Callback</a> from GAPLE.o(i._HCI_Event_Callback) referenced from GAPLE.o(i.GAP_LE_Initialize)
 <LI><a href="#[a4]">_HCI_Event_Callback</a> from SCO.o(i._HCI_Event_Callback) referenced from SCO.o(i.SCO_Initialize)
 <LI><a href="#[a5]">_HCI_SCO_Callback</a> from SCO.o(i._HCI_SCO_Callback) referenced from SCO.o(i.SCO_Initialize)
 <LI><a href="#[7c]">_L2CA_Event_Callback</a> from GAPLE.o(i._L2CA_Event_Callback) referenced from GAPLE.o(i.GAP_LE_Initialize)
 <LI><a href="#[a1]">_L2CA_Event_Callback</a> from RFCOMM.o(i._L2CA_Event_Callback) referenced from RFCOMM.o(i.RFCOMM_Initialize)
 <LI><a href="#[a1]">_L2CA_Event_Callback</a> from RFCOMM.o(i._L2CA_Event_Callback) referenced from RFCOMM.o(i._RFCOMM_Open_Request)
 <LI><a href="#[a9]">_RFCOMM_Event_Callback</a> from SPP.o(i._RFCOMM_Event_Callback) referenced from SPP.o(i.SPP_Open_Remote_Port)
 <LI><a href="#[a9]">_RFCOMM_Event_Callback</a> from SPP.o(i._RFCOMM_Event_Callback) referenced from SPP.o(i.SPP_Open_Server_Port)
 <LI><a href="#[102]">__main</a> from __main.o(!!!main) referenced from startup_stm32f40_41xxx.o(.text)
 <LI><a href="#[64]">_get_lc_ctype</a> from lc_ctype_c.o(locale$$code) referenced from rt_ctype_table.o(.text)
 <LI><a href="#[63]">_printf_input_char</a> from _printf_char_common.o(.text) referenced from _printf_char_common.o(.text)
 <LI><a href="#[62]">_snputc</a> from _snputc.o(.text) referenced from c89vsnprintf.o(.text)
 <LI><a href="#[61]">_sputc</a> from _sputc.o(.text) referenced from c89vsprintf.o(.text)
</UL>
<P>
<H3>
Global Symbols
</H3>
<P><STRONG><a name="[102]"></a>__main</STRONG> (Thumb, 8 bytes, Stack size 0 bytes, __main.o(!!!main))
<BR><BR>[Calls]<UL><LI><a href="#[104]">&gt;&gt;</a>&nbsp;&nbsp;&nbsp;__rt_entry
<LI><a href="#[103]">&gt;&gt;</a>&nbsp;&nbsp;&nbsp;__scatterload
</UL>

<P><STRONG><a name="[103]"></a>__scatterload</STRONG> (Thumb, 0 bytes, Stack size 0 bytes, __scatter.o(!!!scatter))
<BR><BR>[Called By]<UL><LI><a href="#[102]">&gt;&gt;</a>&nbsp;&nbsp;&nbsp;__main
</UL>

<P><STRONG><a name="[105]"></a>__scatterload_rt2</STRONG> (Thumb, 44 bytes, Stack size 0 bytes, __scatter.o(!!!scatter), UNUSED)
<BR><BR>[Calls]<UL><LI><a href="#[104]">&gt;&gt;</a>&nbsp;&nbsp;&nbsp;__rt_entry
</UL>

<P><STRONG><a name="[106]"></a>_printf_n</STRONG> (Thumb, 0 bytes, Stack size 0 bytes, _printf_n.o(.ARM.Collect$$_printf_percent$$00000001))
<BR><BR>[Calls]<UL><LI><a href="#[107]">&gt;&gt;</a>&nbsp;&nbsp;&nbsp;_printf_charcount
</UL>

<P><STRONG><a name="[14f]"></a>_printf_percent</STRONG> (Thumb, 0 bytes, Stack size 0 bytes, _printf_percent.o(.ARM.Collect$$_printf_percent$$00000000))
<BR><BR>[Called By]<UL><LI><a href="#[148]">&gt;&gt;</a>&nbsp;&nbsp;&nbsp;__printf
</UL>

<P><STRONG><a name="[108]"></a>_printf_p</STRONG> (Thumb, 0 bytes, Stack size 0 bytes, _printf_p.o(.ARM.Collect$$_printf_percent$$00000002))
<BR><BR>[Calls]<UL><LI><a href="#[109]">&gt;&gt;</a>&nbsp;&nbsp;&nbsp;_printf_hex_ptr
</UL>

<P><STRONG><a name="[10a]"></a>_printf_f</STRONG> (Thumb, 0 bytes, Stack size 0 bytes, _printf_f.o(.ARM.Collect$$_printf_percent$$00000003))
<BR><BR>[Calls]<UL><LI><a href="#[10b]">&gt;&gt;</a>&nbsp;&nbsp;&nbsp;_printf_fp_dec
</UL>

<P><STRONG><a name="[10c]"></a>_printf_e</STRONG> (Thumb, 0 bytes, Stack size 0 bytes, _printf_e.o(.ARM.Collect$$_printf_percent$$00000004))
<BR><BR>[Calls]<UL><LI><a href="#[10b]">&gt;&gt;</a>&nbsp;&nbsp;&nbsp;_printf_fp_dec
</UL>

<P><STRONG><a name="[10d]"></a>_printf_g</STRONG> (Thumb, 0 bytes, Stack size 0 bytes, _printf_g.o(.ARM.Collect$$_printf_percent$$00000005))
<BR><BR>[Calls]<UL><LI><a href="#[10b]">&gt;&gt;</a>&nbsp;&nbsp;&nbsp;_printf_fp_dec
</UL>

<P><STRONG><a name="[10e]"></a>_printf_i</STRONG> (Thumb, 0 bytes, Stack size 0 bytes, _printf_i.o(.ARM.Collect$$_printf_percent$$00000008))
<BR><BR>[Calls]<UL><LI><a href="#[10f]">&gt;&gt;</a>&nbsp;&nbsp;&nbsp;_printf_int_dec
</UL>

<P><STRONG><a name="[110]"></a>_printf_d</STRONG> (Thumb, 0 bytes, Stack size 0 bytes, _printf_d.o(.ARM.Collect$$_printf_percent$$00000009))
<BR><BR>[Calls]<UL><LI><a href="#[10f]">&gt;&gt;</a>&nbsp;&nbsp;&nbsp;_printf_int_dec
</UL>

<P><STRONG><a name="[111]"></a>_printf_u</STRONG> (Thumb, 0 bytes, Stack size 0 bytes, _printf_u.o(.ARM.Collect$$_printf_percent$$0000000A))
<BR><BR>[Calls]<UL><LI><a href="#[10f]">&gt;&gt;</a>&nbsp;&nbsp;&nbsp;_printf_int_dec
</UL>

<P><STRONG><a name="[112]"></a>_printf_o</STRONG> (Thumb, 0 bytes, Stack size 0 bytes, _printf_o.o(.ARM.Collect$$_printf_percent$$0000000B))
<BR><BR>[Calls]<UL><LI><a href="#[113]">&gt;&gt;</a>&nbsp;&nbsp;&nbsp;_printf_int_oct
</UL>

<P><STRONG><a name="[114]"></a>_printf_x</STRONG> (Thumb, 0 bytes, Stack size 0 bytes, _printf_x.o(.ARM.Collect$$_printf_percent$$0000000C))
<BR><BR>[Calls]<UL><LI><a href="#[115]">&gt;&gt;</a>&nbsp;&nbsp;&nbsp;_printf_int_hex
</UL>

<P><STRONG><a name="[116]"></a>_printf_lli</STRONG> (Thumb, 0 bytes, Stack size 0 bytes, _printf_lli.o(.ARM.Collect$$_printf_percent$$0000000D))
<BR><BR>[Calls]<UL><LI><a href="#[117]">&gt;&gt;</a>&nbsp;&nbsp;&nbsp;_printf_longlong_dec
</UL>

<P><STRONG><a name="[118]"></a>_printf_lld</STRONG> (Thumb, 0 bytes, Stack size 0 bytes, _printf_lld.o(.ARM.Collect$$_printf_percent$$0000000E))
<BR><BR>[Calls]<UL><LI><a href="#[117]">&gt;&gt;</a>&nbsp;&nbsp;&nbsp;_printf_longlong_dec
</UL>

<P><STRONG><a name="[119]"></a>_printf_llu</STRONG> (Thumb, 0 bytes, Stack size 0 bytes, _printf_llu.o(.ARM.Collect$$_printf_percent$$0000000F))
<BR><BR>[Calls]<UL><LI><a href="#[117]">&gt;&gt;</a>&nbsp;&nbsp;&nbsp;_printf_longlong_dec
</UL>

<P><STRONG><a name="[11a]"></a>_printf_llo</STRONG> (Thumb, 0 bytes, Stack size 0 bytes, _printf_llo.o(.ARM.Collect$$_printf_percent$$00000010))
<BR><BR>[Calls]<UL><LI><a href="#[11b]">&gt;&gt;</a>&nbsp;&nbsp;&nbsp;_printf_ll_oct
</UL>

<P><STRONG><a name="[11c]"></a>_printf_llx</STRONG> (Thumb, 0 bytes, Stack size 0 bytes, _printf_llx.o(.ARM.Collect$$_printf_percent$$00000011))
<BR><BR>[Calls]<UL><LI><a href="#[11d]">&gt;&gt;</a>&nbsp;&nbsp;&nbsp;_printf_ll_hex
</UL>

<P><STRONG><a name="[11e]"></a>_printf_c</STRONG> (Thumb, 0 bytes, Stack size 0 bytes, _printf_c.o(.ARM.Collect$$_printf_percent$$00000013))
<BR><BR>[Calls]<UL><LI><a href="#[11f]">&gt;&gt;</a>&nbsp;&nbsp;&nbsp;_printf_char
</UL>

<P><STRONG><a name="[120]"></a>_printf_s</STRONG> (Thumb, 0 bytes, Stack size 0 bytes, _printf_s.o(.ARM.Collect$$_printf_percent$$00000014))
<BR><BR>[Calls]<UL><LI><a href="#[121]">&gt;&gt;</a>&nbsp;&nbsp;&nbsp;_printf_string
</UL>

<P><STRONG><a name="[122]"></a>_printf_lc</STRONG> (Thumb, 0 bytes, Stack size 0 bytes, _printf_lc.o(.ARM.Collect$$_printf_percent$$00000015))
<BR><BR>[Calls]<UL><LI><a href="#[123]">&gt;&gt;</a>&nbsp;&nbsp;&nbsp;_printf_wchar
</UL>

<P><STRONG><a name="[124]"></a>_printf_ls</STRONG> (Thumb, 0 bytes, Stack size 0 bytes, _printf_ls.o(.ARM.Collect$$_printf_percent$$00000016))
<BR><BR>[Calls]<UL><LI><a href="#[125]">&gt;&gt;</a>&nbsp;&nbsp;&nbsp;_printf_wstring
</UL>

<P><STRONG><a name="[130]"></a>__rt_lib_init</STRONG> (Thumb, 0 bytes, Stack size 0 bytes, libinit.o(.ARM.Collect$$libinit$$00000000))
<BR><BR>[Called By]<UL><LI><a href="#[12f]">&gt;&gt;</a>&nbsp;&nbsp;&nbsp;__rt_entry_li
</UL>

<P><STRONG><a name="[126]"></a>__rt_lib_init_fp_1</STRONG> (Thumb, 0 bytes, Stack size 0 bytes, libinit2.o(.ARM.Collect$$libinit$$00000001))
<BR><BR>[Calls]<UL><LI><a href="#[127]">&gt;&gt;</a>&nbsp;&nbsp;&nbsp;_fp_init
</UL>

<P><STRONG><a name="[128]"></a>__rt_lib_init_lc_common</STRONG> (Thumb, 0 bytes, Stack size 0 bytes, libinit2.o(.ARM.Collect$$libinit$$0000000F))
<BR><BR>[Calls]<UL><LI><a href="#[129]">&gt;&gt;</a>&nbsp;&nbsp;&nbsp;__rt_locale
</UL>

<P><STRONG><a name="[12a]"></a>__rt_lib_init_lc_ctype_2</STRONG> (Thumb, 0 bytes, Stack size 0 bytes, libinit2.o(.ARM.Collect$$libinit$$00000012))
<BR><BR>[Calls]<UL><LI><a href="#[64]">&gt;&gt;</a>&nbsp;&nbsp;&nbsp;_get_lc_ctype
</UL>

<P><STRONG><a name="[12b]"></a>__rt_lib_init_lc_numeric_2</STRONG> (Thumb, 0 bytes, Stack size 0 bytes, libinit2.o(.ARM.Collect$$libinit$$00000016))
<BR><BR>[Calls]<UL><LI><a href="#[12c]">&gt;&gt;</a>&nbsp;&nbsp;&nbsp;_get_lc_numeric
</UL>

<P><STRONG><a name="[135]"></a>__rt_lib_shutdown</STRONG> (Thumb, 0 bytes, Stack size 0 bytes, libshutdown.o(.ARM.Collect$$libshutdown$$00000000))
<BR><BR>[Called By]<UL><LI><a href="#[134]">&gt;&gt;</a>&nbsp;&nbsp;&nbsp;__rt_exit_ls
</UL>

<P><STRONG><a name="[104]"></a>__rt_entry</STRONG> (Thumb, 0 bytes, Stack size 0 bytes, __rtentry.o(.ARM.Collect$$rtentry$$00000000))
<BR><BR>[Called By]<UL><LI><a href="#[102]">&gt;&gt;</a>&nbsp;&nbsp;&nbsp;__main
<LI><a href="#[105]">&gt;&gt;</a>&nbsp;&nbsp;&nbsp;__scatterload_rt2
</UL>

<P><STRONG><a name="[12d]"></a>__rt_entry_sh</STRONG> (Thumb, 0 bytes, Stack size 0 bytes, __rtentry4.o(.ARM.Collect$$rtentry$$00000004))
<BR><BR>[Calls]<UL><LI><a href="#[12e]">&gt;&gt;</a>&nbsp;&nbsp;&nbsp;__user_setup_stackheap
</UL>

<P><STRONG><a name="[12f]"></a>__rt_entry_li</STRONG> (Thumb, 0 bytes, Stack size 0 bytes, __rtentry2.o(.ARM.Collect$$rtentry$$0000000A))
<BR><BR>[Calls]<UL><LI><a href="#[130]">&gt;&gt;</a>&nbsp;&nbsp;&nbsp;__rt_lib_init
</UL>

<P><STRONG><a name="[131]"></a>__rt_entry_main</STRONG> (Thumb, 0 bytes, Stack size 0 bytes, __rtentry2.o(.ARM.Collect$$rtentry$$0000000D))
<BR><BR>[Calls]<UL><LI><a href="#[132]">&gt;&gt;</a>&nbsp;&nbsp;&nbsp;main
<LI><a href="#[133]">&gt;&gt;</a>&nbsp;&nbsp;&nbsp;exit
</UL>

<P><STRONG><a name="[160]"></a>__rt_exit</STRONG> (Thumb, 0 bytes, Stack size 0 bytes, rtexit.o(.ARM.Collect$$rtexit$$00000000))
<BR><BR>[Called By]<UL><LI><a href="#[133]">&gt;&gt;</a>&nbsp;&nbsp;&nbsp;exit
</UL>

<P><STRONG><a name="[134]"></a>__rt_exit_ls</STRONG> (Thumb, 0 bytes, Stack size 0 bytes, rtexit2.o(.ARM.Collect$$rtexit$$00000003))
<BR><BR>[Calls]<UL><LI><a href="#[135]">&gt;&gt;</a>&nbsp;&nbsp;&nbsp;__rt_lib_shutdown
</UL>

<P><STRONG><a name="[136]"></a>__rt_exit_exit</STRONG> (Thumb, 0 bytes, Stack size 0 bytes, rtexit2.o(.ARM.Collect$$rtexit$$00000004))
<BR><BR>[Calls]<UL><LI><a href="#[137]">&gt;&gt;</a>&nbsp;&nbsp;&nbsp;_sys_exit
</UL>

<P><STRONG><a name="[3]"></a>Reset_Handler</STRONG> (Thumb, 8 bytes, Stack size 0 bytes, startup_stm32f40_41xxx.o(.text))
<BR>[Address Reference Count : 1]<UL><LI> startup_stm32f40_41xxx.o(RESET)
</UL>
<P><STRONG><a name="[4]"></a>NMI_Handler</STRONG> (Thumb, 2 bytes, Stack size 0 bytes, startup_stm32f40_41xxx.o(.text))
<BR><BR>[Calls]<UL><LI><a href="#[4]">&gt;&gt;</a>&nbsp;&nbsp;&nbsp;NMI_Handler
</UL>
<BR>[Called By]<UL><LI><a href="#[4]">&gt;&gt;</a>&nbsp;&nbsp;&nbsp;NMI_Handler
</UL>
<BR>[Address Reference Count : 1]<UL><LI> startup_stm32f40_41xxx.o(RESET)
</UL>
<P><STRONG><a name="[5]"></a>HardFault_Handler</STRONG> (Thumb, 2 bytes, Stack size 0 bytes, startup_stm32f40_41xxx.o(.text))
<BR><BR>[Calls]<UL><LI><a href="#[5]">&gt;&gt;</a>&nbsp;&nbsp;&nbsp;HardFault_Handler
</UL>
<BR>[Called By]<UL><LI><a href="#[5]">&gt;&gt;</a>&nbsp;&nbsp;&nbsp;HardFault_Handler
</UL>
<BR>[Address Reference Count : 1]<UL><LI> startup_stm32f40_41xxx.o(RESET)
</UL>
<P><STRONG><a name="[6]"></a>MemManage_Handler</STRONG> (Thumb, 2 bytes, Stack size 0 bytes, startup_stm32f40_41xxx.o(.text))
<BR><BR>[Calls]<UL><LI><a href="#[6]">&gt;&gt;</a>&nbsp;&nbsp;&nbsp;MemManage_Handler
</UL>
<BR>[Called By]<UL><LI><a href="#[6]">&gt;&gt;</a>&nbsp;&nbsp;&nbsp;MemManage_Handler
</UL>
<BR>[Address Reference Count : 1]<UL><LI> startup_stm32f40_41xxx.o(RESET)
</UL>
<P><STRONG><a name="[7]"></a>BusFault_Handler</STRONG> (Thumb, 2 bytes, Stack size 0 bytes, startup_stm32f40_41xxx.o(.text))
<BR><BR>[Calls]<UL><LI><a href="#[7]">&gt;&gt;</a>&nbsp;&nbsp;&nbsp;BusFault_Handler
</UL>
<BR>[Called By]<UL><LI><a href="#[7]">&gt;&gt;</a>&nbsp;&nbsp;&nbsp;BusFault_Handler
</UL>
<BR>[Address Reference Count : 1]<UL><LI> startup_stm32f40_41xxx.o(RESET)
</UL>
<P><STRONG><a name="[8]"></a>UsageFault_Handler</STRONG> (Thumb, 2 bytes, Stack size 0 bytes, startup_stm32f40_41xxx.o(.text))
<BR><BR>[Calls]<UL><LI><a href="#[8]">&gt;&gt;</a>&nbsp;&nbsp;&nbsp;UsageFault_Handler
</UL>
<BR>[Called By]<UL><LI><a href="#[8]">&gt;&gt;</a>&nbsp;&nbsp;&nbsp;UsageFault_Handler
</UL>
<BR>[Address Reference Count : 1]<UL><LI> startup_stm32f40_41xxx.o(RESET)
</UL>
<P><STRONG><a name="[9]"></a>SVC_Handler</STRONG> (Thumb, 2 bytes, Stack size 0 bytes, startup_stm32f40_41xxx.o(.text))
<BR><BR>[Calls]<UL><LI><a href="#[9]">&gt;&gt;</a>&nbsp;&nbsp;&nbsp;SVC_Handler
</UL>
<BR>[Called By]<UL><LI><a href="#[9]">&gt;&gt;</a>&nbsp;&nbsp;&nbsp;SVC_Handler
</UL>
<BR>[Address Reference Count : 1]<UL><LI> startup_stm32f40_41xxx.o(RESET)
</UL>
<P><STRONG><a name="[a]"></a>DebugMon_Handler</STRONG> (Thumb, 2 bytes, Stack size 0 bytes, startup_stm32f40_41xxx.o(.text))
<BR><BR>[Calls]<UL><LI><a href="#[a]">&gt;&gt;</a>&nbsp;&nbsp;&nbsp;DebugMon_Handler
</UL>
<BR>[Called By]<UL><LI><a href="#[a]">&gt;&gt;</a>&nbsp;&nbsp;&nbsp;DebugMon_Handler
</UL>
<BR>[Address Reference Count : 1]<UL><LI> startup_stm32f40_41xxx.o(RESET)
</UL>
<P><STRONG><a name="[b]"></a>PendSV_Handler</STRONG> (Thumb, 2 bytes, Stack size 0 bytes, startup_stm32f40_41xxx.o(.text))
<BR><BR>[Calls]<UL><LI><a href="#[b]">&gt;&gt;</a>&nbsp;&nbsp;&nbsp;PendSV_Handler
</UL>
<BR>[Called By]<UL><LI><a href="#[b]">&gt;&gt;</a>&nbsp;&nbsp;&nbsp;PendSV_Handler
</UL>
<BR>[Address Reference Count : 1]<UL><LI> startup_stm32f40_41xxx.o(RESET)
</UL>
<P><STRONG><a name="[1f]"></a>ADC_IRQHandler</STRONG> (Thumb, 0 bytes, Stack size 0 bytes, startup_stm32f40_41xxx.o(.text))
<BR><BR>[Calls]<UL><LI><a href="#[1f]">&gt;&gt;</a>&nbsp;&nbsp;&nbsp;ADC_IRQHandler
</UL>
<BR>[Called By]<UL><LI><a href="#[1f]">&gt;&gt;</a>&nbsp;&nbsp;&nbsp;ADC_IRQHandler
</UL>
<BR>[Address Reference Count : 1]<UL><LI> startup_stm32f40_41xxx.o(RESET)
</UL>
<P><STRONG><a name="[21]"></a>CAN1_RX0_IRQHandler</STRONG> (Thumb, 0 bytes, Stack size 0 bytes, startup_stm32f40_41xxx.o(.text))
<BR>[Address Reference Count : 1]<UL><LI> startup_stm32f40_41xxx.o(RESET)
</UL>
<P><STRONG><a name="[22]"></a>CAN1_RX1_IRQHandler</STRONG> (Thumb, 0 bytes, Stack size 0 bytes, startup_stm32f40_41xxx.o(.text))
<BR>[Address Reference Count : 1]<UL><LI> startup_stm32f40_41xxx.o(RESET)
</UL>
<P><STRONG><a name="[23]"></a>CAN1_SCE_IRQHandler</STRONG> (Thumb, 0 bytes, Stack size 0 bytes, startup_stm32f40_41xxx.o(.text))
<BR>[Address Reference Count : 1]<UL><LI> startup_stm32f40_41xxx.o(RESET)
</UL>
<P><STRONG><a name="[20]"></a>CAN1_TX_IRQHandler</STRONG> (Thumb, 0 bytes, Stack size 0 bytes, startup_stm32f40_41xxx.o(.text))
<BR>[Address Reference Count : 1]<UL><LI> startup_stm32f40_41xxx.o(RESET)
</UL>
<P><STRONG><a name="[4d]"></a>CAN2_RX0_IRQHandler</STRONG> (Thumb, 0 bytes, Stack size 0 bytes, startup_stm32f40_41xxx.o(.text))
<BR>[Address Reference Count : 1]<UL><LI> startup_stm32f40_41xxx.o(RESET)
</UL>
<P><STRONG><a name="[4e]"></a>CAN2_RX1_IRQHandler</STRONG> (Thumb, 0 bytes, Stack size 0 bytes, startup_stm32f40_41xxx.o(.text))
<BR>[Address Reference Count : 1]<UL><LI> startup_stm32f40_41xxx.o(RESET)
</UL>
<P><STRONG><a name="[4f]"></a>CAN2_SCE_IRQHandler</STRONG> (Thumb, 0 bytes, Stack size 0 bytes, startup_stm32f40_41xxx.o(.text))
<BR>[Address Reference Count : 1]<UL><LI> startup_stm32f40_41xxx.o(RESET)
</UL>
<P><STRONG><a name="[4c]"></a>CAN2_TX_IRQHandler</STRONG> (Thumb, 0 bytes, Stack size 0 bytes, startup_stm32f40_41xxx.o(.text))
<BR>[Address Reference Count : 1]<UL><LI> startup_stm32f40_41xxx.o(RESET)
</UL>
<P><STRONG><a name="[5c]"></a>CRYP_IRQHandler</STRONG> (Thumb, 0 bytes, Stack size 0 bytes, startup_stm32f40_41xxx.o(.text))
<BR>[Address Reference Count : 1]<UL><LI> startup_stm32f40_41xxx.o(RESET)
</UL>
<P><STRONG><a name="[5b]"></a>DCMI_IRQHandler</STRONG> (Thumb, 0 bytes, Stack size 0 bytes, startup_stm32f40_41xxx.o(.text))
<BR>[Address Reference Count : 1]<UL><LI> startup_stm32f40_41xxx.o(RESET)
</UL>
<P><STRONG><a name="[18]"></a>DMA1_Stream0_IRQHandler</STRONG> (Thumb, 0 bytes, Stack size 0 bytes, startup_stm32f40_41xxx.o(.text))
<BR>[Address Reference Count : 1]<UL><LI> startup_stm32f40_41xxx.o(RESET)
</UL>
<P><STRONG><a name="[19]"></a>DMA1_Stream1_IRQHandler</STRONG> (Thumb, 0 bytes, Stack size 0 bytes, startup_stm32f40_41xxx.o(.text))
<BR>[Address Reference Count : 1]<UL><LI> startup_stm32f40_41xxx.o(RESET)
</UL>
<P><STRONG><a name="[1a]"></a>DMA1_Stream2_IRQHandler</STRONG> (Thumb, 0 bytes, Stack size 0 bytes, startup_stm32f40_41xxx.o(.text))
<BR>[Address Reference Count : 1]<UL><LI> startup_stm32f40_41xxx.o(RESET)
</UL>
<P><STRONG><a name="[1b]"></a>DMA1_Stream3_IRQHandler</STRONG> (Thumb, 0 bytes, Stack size 0 bytes, startup_stm32f40_41xxx.o(.text))
<BR>[Address Reference Count : 1]<UL><LI> startup_stm32f40_41xxx.o(RESET)
</UL>
<P><STRONG><a name="[1c]"></a>DMA1_Stream4_IRQHandler</STRONG> (Thumb, 0 bytes, Stack size 0 bytes, startup_stm32f40_41xxx.o(.text))
<BR>[Address Reference Count : 1]<UL><LI> startup_stm32f40_41xxx.o(RESET)
</UL>
<P><STRONG><a name="[1d]"></a>DMA1_Stream5_IRQHandler</STRONG> (Thumb, 0 bytes, Stack size 0 bytes, startup_stm32f40_41xxx.o(.text))
<BR>[Address Reference Count : 1]<UL><LI> startup_stm32f40_41xxx.o(RESET)
</UL>
<P><STRONG><a name="[1e]"></a>DMA1_Stream6_IRQHandler</STRONG> (Thumb, 0 bytes, Stack size 0 bytes, startup_stm32f40_41xxx.o(.text))
<BR>[Address Reference Count : 1]<UL><LI> startup_stm32f40_41xxx.o(RESET)
</UL>
<P><STRONG><a name="[3c]"></a>DMA1_Stream7_IRQHandler</STRONG> (Thumb, 0 bytes, Stack size 0 bytes, startup_stm32f40_41xxx.o(.text))
<BR>[Address Reference Count : 1]<UL><LI> startup_stm32f40_41xxx.o(RESET)
</UL>
<P><STRONG><a name="[45]"></a>DMA2_Stream0_IRQHandler</STRONG> (Thumb, 0 bytes, Stack size 0 bytes, startup_stm32f40_41xxx.o(.text))
<BR>[Address Reference Count : 1]<UL><LI> startup_stm32f40_41xxx.o(RESET)
</UL>
<P><STRONG><a name="[46]"></a>DMA2_Stream1_IRQHandler</STRONG> (Thumb, 0 bytes, Stack size 0 bytes, startup_stm32f40_41xxx.o(.text))
<BR>[Address Reference Count : 1]<UL><LI> startup_stm32f40_41xxx.o(RESET)
</UL>
<P><STRONG><a name="[47]"></a>DMA2_Stream2_IRQHandler</STRONG> (Thumb, 0 bytes, Stack size 0 bytes, startup_stm32f40_41xxx.o(.text))
<BR>[Address Reference Count : 1]<UL><LI> startup_stm32f40_41xxx.o(RESET)
</UL>
<P><STRONG><a name="[48]"></a>DMA2_Stream3_IRQHandler</STRONG> (Thumb, 0 bytes, Stack size 0 bytes, startup_stm32f40_41xxx.o(.text))
<BR>[Address Reference Count : 1]<UL><LI> startup_stm32f40_41xxx.o(RESET)
</UL>
<P><STRONG><a name="[49]"></a>DMA2_Stream4_IRQHandler</STRONG> (Thumb, 0 bytes, Stack size 0 bytes, startup_stm32f40_41xxx.o(.text))
<BR>[Address Reference Count : 1]<UL><LI> startup_stm32f40_41xxx.o(RESET)
</UL>
<P><STRONG><a name="[51]"></a>DMA2_Stream5_IRQHandler</STRONG> (Thumb, 0 bytes, Stack size 0 bytes, startup_stm32f40_41xxx.o(.text))
<BR>[Address Reference Count : 1]<UL><LI> startup_stm32f40_41xxx.o(RESET)
</UL>
<P><STRONG><a name="[52]"></a>DMA2_Stream6_IRQHandler</STRONG> (Thumb, 0 bytes, Stack size 0 bytes, startup_stm32f40_41xxx.o(.text))
<BR>[Address Reference Count : 1]<UL><LI> startup_stm32f40_41xxx.o(RESET)
</UL>
<P><STRONG><a name="[53]"></a>DMA2_Stream7_IRQHandler</STRONG> (Thumb, 0 bytes, Stack size 0 bytes, startup_stm32f40_41xxx.o(.text))
<BR>[Address Reference Count : 1]<UL><LI> startup_stm32f40_41xxx.o(RESET)
</UL>
<P><STRONG><a name="[4a]"></a>ETH_IRQHandler</STRONG> (Thumb, 0 bytes, Stack size 0 bytes, startup_stm32f40_41xxx.o(.text))
<BR>[Address Reference Count : 1]<UL><LI> startup_stm32f40_41xxx.o(RESET)
</UL>
<P><STRONG><a name="[4b]"></a>ETH_WKUP_IRQHandler</STRONG> (Thumb, 0 bytes, Stack size 0 bytes, startup_stm32f40_41xxx.o(.text))
<BR>[Address Reference Count : 1]<UL><LI> startup_stm32f40_41xxx.o(RESET)
</UL>
<P><STRONG><a name="[35]"></a>EXTI15_10_IRQHandler</STRONG> (Thumb, 0 bytes, Stack size 0 bytes, startup_stm32f40_41xxx.o(.text))
<BR>[Address Reference Count : 1]<UL><LI> startup_stm32f40_41xxx.o(RESET)
</UL>
<P><STRONG><a name="[14]"></a>EXTI1_IRQHandler</STRONG> (Thumb, 0 bytes, Stack size 0 bytes, startup_stm32f40_41xxx.o(.text))
<BR>[Address Reference Count : 1]<UL><LI> startup_stm32f40_41xxx.o(RESET)
</UL>
<P><STRONG><a name="[15]"></a>EXTI2_IRQHandler</STRONG> (Thumb, 0 bytes, Stack size 0 bytes, startup_stm32f40_41xxx.o(.text))
<BR>[Address Reference Count : 1]<UL><LI> startup_stm32f40_41xxx.o(RESET)
</UL>
<P><STRONG><a name="[16]"></a>EXTI3_IRQHandler</STRONG> (Thumb, 0 bytes, Stack size 0 bytes, startup_stm32f40_41xxx.o(.text))
<BR>[Address Reference Count : 1]<UL><LI> startup_stm32f40_41xxx.o(RESET)
</UL>
<P><STRONG><a name="[17]"></a>EXTI4_IRQHandler</STRONG> (Thumb, 0 bytes, Stack size 0 bytes, startup_stm32f40_41xxx.o(.text))
<BR>[Address Reference Count : 1]<UL><LI> startup_stm32f40_41xxx.o(RESET)
</UL>
<P><STRONG><a name="[24]"></a>EXTI9_5_IRQHandler</STRONG> (Thumb, 0 bytes, Stack size 0 bytes, startup_stm32f40_41xxx.o(.text))
<BR>[Address Reference Count : 1]<UL><LI> startup_stm32f40_41xxx.o(RESET)
</UL>
<P><STRONG><a name="[11]"></a>FLASH_IRQHandler</STRONG> (Thumb, 0 bytes, Stack size 0 bytes, startup_stm32f40_41xxx.o(.text))
<BR>[Address Reference Count : 1]<UL><LI> startup_stm32f40_41xxx.o(RESET)
</UL>
<P><STRONG><a name="[5e]"></a>FPU_IRQHandler</STRONG> (Thumb, 0 bytes, Stack size 0 bytes, startup_stm32f40_41xxx.o(.text))
<BR>[Address Reference Count : 1]<UL><LI> startup_stm32f40_41xxx.o(RESET)
</UL>
<P><STRONG><a name="[3d]"></a>FSMC_IRQHandler</STRONG> (Thumb, 0 bytes, Stack size 0 bytes, startup_stm32f40_41xxx.o(.text))
<BR>[Address Reference Count : 1]<UL><LI> startup_stm32f40_41xxx.o(RESET)
</UL>
<P><STRONG><a name="[5d]"></a>HASH_RNG_IRQHandler</STRONG> (Thumb, 0 bytes, Stack size 0 bytes, startup_stm32f40_41xxx.o(.text))
<BR>[Address Reference Count : 1]<UL><LI> startup_stm32f40_41xxx.o(RESET)
</UL>
<P><STRONG><a name="[2d]"></a>I2C1_ER_IRQHandler</STRONG> (Thumb, 0 bytes, Stack size 0 bytes, startup_stm32f40_41xxx.o(.text))
<BR>[Address Reference Count : 1]<UL><LI> startup_stm32f40_41xxx.o(RESET)
</UL>
<P><STRONG><a name="[2c]"></a>I2C1_EV_IRQHandler</STRONG> (Thumb, 0 bytes, Stack size 0 bytes, startup_stm32f40_41xxx.o(.text))
<BR>[Address Reference Count : 1]<UL><LI> startup_stm32f40_41xxx.o(RESET)
</UL>
<P><STRONG><a name="[2f]"></a>I2C2_ER_IRQHandler</STRONG> (Thumb, 0 bytes, Stack size 0 bytes, startup_stm32f40_41xxx.o(.text))
<BR>[Address Reference Count : 1]<UL><LI> startup_stm32f40_41xxx.o(RESET)
</UL>
<P><STRONG><a name="[2e]"></a>I2C2_EV_IRQHandler</STRONG> (Thumb, 0 bytes, Stack size 0 bytes, startup_stm32f40_41xxx.o(.text))
<BR>[Address Reference Count : 1]<UL><LI> startup_stm32f40_41xxx.o(RESET)
</UL>
<P><STRONG><a name="[56]"></a>I2C3_ER_IRQHandler</STRONG> (Thumb, 0 bytes, Stack size 0 bytes, startup_stm32f40_41xxx.o(.text))
<BR>[Address Reference Count : 1]<UL><LI> startup_stm32f40_41xxx.o(RESET)
</UL>
<P><STRONG><a name="[55]"></a>I2C3_EV_IRQHandler</STRONG> (Thumb, 0 bytes, Stack size 0 bytes, startup_stm32f40_41xxx.o(.text))
<BR>[Address Reference Count : 1]<UL><LI> startup_stm32f40_41xxx.o(RESET)
</UL>
<P><STRONG><a name="[50]"></a>OTG_FS_IRQHandler</STRONG> (Thumb, 0 bytes, Stack size 0 bytes, startup_stm32f40_41xxx.o(.text))
<BR>[Address Reference Count : 1]<UL><LI> startup_stm32f40_41xxx.o(RESET)
</UL>
<P><STRONG><a name="[37]"></a>OTG_FS_WKUP_IRQHandler</STRONG> (Thumb, 0 bytes, Stack size 0 bytes, startup_stm32f40_41xxx.o(.text))
<BR>[Address Reference Count : 1]<UL><LI> startup_stm32f40_41xxx.o(RESET)
</UL>
<P><STRONG><a name="[58]"></a>OTG_HS_EP1_IN_IRQHandler</STRONG> (Thumb, 0 bytes, Stack size 0 bytes, startup_stm32f40_41xxx.o(.text))
<BR>[Address Reference Count : 1]<UL><LI> startup_stm32f40_41xxx.o(RESET)
</UL>
<P><STRONG><a name="[57]"></a>OTG_HS_EP1_OUT_IRQHandler</STRONG> (Thumb, 0 bytes, Stack size 0 bytes, startup_stm32f40_41xxx.o(.text))
<BR>[Address Reference Count : 1]<UL><LI> startup_stm32f40_41xxx.o(RESET)
</UL>
<P><STRONG><a name="[5a]"></a>OTG_HS_IRQHandler</STRONG> (Thumb, 0 bytes, Stack size 0 bytes, startup_stm32f40_41xxx.o(.text))
<BR>[Address Reference Count : 1]<UL><LI> startup_stm32f40_41xxx.o(RESET)
</UL>
<P><STRONG><a name="[59]"></a>OTG_HS_WKUP_IRQHandler</STRONG> (Thumb, 0 bytes, Stack size 0 bytes, startup_stm32f40_41xxx.o(.text))
<BR>[Address Reference Count : 1]<UL><LI> startup_stm32f40_41xxx.o(RESET)
</UL>
<P><STRONG><a name="[e]"></a>PVD_IRQHandler</STRONG> (Thumb, 0 bytes, Stack size 0 bytes, startup_stm32f40_41xxx.o(.text))
<BR>[Address Reference Count : 1]<UL><LI> startup_stm32f40_41xxx.o(RESET)
</UL>
<P><STRONG><a name="[12]"></a>RCC_IRQHandler</STRONG> (Thumb, 0 bytes, Stack size 0 bytes, startup_stm32f40_41xxx.o(.text))
<BR>[Address Reference Count : 1]<UL><LI> startup_stm32f40_41xxx.o(RESET)
</UL>
<P><STRONG><a name="[36]"></a>RTC_Alarm_IRQHandler</STRONG> (Thumb, 0 bytes, Stack size 0 bytes, startup_stm32f40_41xxx.o(.text))
<BR>[Address Reference Count : 1]<UL><LI> startup_stm32f40_41xxx.o(RESET)
</UL>
<P><STRONG><a name="[10]"></a>RTC_WKUP_IRQHandler</STRONG> (Thumb, 0 bytes, Stack size 0 bytes, startup_stm32f40_41xxx.o(.text))
<BR>[Address Reference Count : 1]<UL><LI> startup_stm32f40_41xxx.o(RESET)
</UL>
<P><STRONG><a name="[3e]"></a>SDIO_IRQHandler</STRONG> (Thumb, 0 bytes, Stack size 0 bytes, startup_stm32f40_41xxx.o(.text))
<BR>[Address Reference Count : 1]<UL><LI> startup_stm32f40_41xxx.o(RESET)
</UL>
<P><STRONG><a name="[30]"></a>SPI1_IRQHandler</STRONG> (Thumb, 0 bytes, Stack size 0 bytes, startup_stm32f40_41xxx.o(.text))
<BR>[Address Reference Count : 1]<UL><LI> startup_stm32f40_41xxx.o(RESET)
</UL>
<P><STRONG><a name="[31]"></a>SPI2_IRQHandler</STRONG> (Thumb, 0 bytes, Stack size 0 bytes, startup_stm32f40_41xxx.o(.text))
<BR>[Address Reference Count : 1]<UL><LI> startup_stm32f40_41xxx.o(RESET)
</UL>
<P><STRONG><a name="[40]"></a>SPI3_IRQHandler</STRONG> (Thumb, 0 bytes, Stack size 0 bytes, startup_stm32f40_41xxx.o(.text))
<BR>[Address Reference Count : 1]<UL><LI> startup_stm32f40_41xxx.o(RESET)
</UL>
<P><STRONG><a name="[f]"></a>TAMP_STAMP_IRQHandler</STRONG> (Thumb, 0 bytes, Stack size 0 bytes, startup_stm32f40_41xxx.o(.text))
<BR>[Address Reference Count : 1]<UL><LI> startup_stm32f40_41xxx.o(RESET)
</UL>
<P><STRONG><a name="[25]"></a>TIM1_BRK_TIM9_IRQHandler</STRONG> (Thumb, 0 bytes, Stack size 0 bytes, startup_stm32f40_41xxx.o(.text))
<BR>[Address Reference Count : 1]<UL><LI> startup_stm32f40_41xxx.o(RESET)
</UL>
<P><STRONG><a name="[28]"></a>TIM1_CC_IRQHandler</STRONG> (Thumb, 0 bytes, Stack size 0 bytes, startup_stm32f40_41xxx.o(.text))
<BR>[Address Reference Count : 1]<UL><LI> startup_stm32f40_41xxx.o(RESET)
</UL>
<P><STRONG><a name="[27]"></a>TIM1_TRG_COM_TIM11_IRQHandler</STRONG> (Thumb, 0 bytes, Stack size 0 bytes, startup_stm32f40_41xxx.o(.text))
<BR>[Address Reference Count : 1]<UL><LI> startup_stm32f40_41xxx.o(RESET)
</UL>
<P><STRONG><a name="[26]"></a>TIM1_UP_TIM10_IRQHandler</STRONG> (Thumb, 0 bytes, Stack size 0 bytes, startup_stm32f40_41xxx.o(.text))
<BR>[Address Reference Count : 1]<UL><LI> startup_stm32f40_41xxx.o(RESET)
</UL>
<P><STRONG><a name="[29]"></a>TIM2_IRQHandler</STRONG> (Thumb, 0 bytes, Stack size 0 bytes, startup_stm32f40_41xxx.o(.text))
<BR>[Address Reference Count : 1]<UL><LI> startup_stm32f40_41xxx.o(RESET)
</UL>
<P><STRONG><a name="[2a]"></a>TIM3_IRQHandler</STRONG> (Thumb, 0 bytes, Stack size 0 bytes, startup_stm32f40_41xxx.o(.text))
<BR>[Address Reference Count : 1]<UL><LI> startup_stm32f40_41xxx.o(RESET)
</UL>
<P><STRONG><a name="[2b]"></a>TIM4_IRQHandler</STRONG> (Thumb, 0 bytes, Stack size 0 bytes, startup_stm32f40_41xxx.o(.text))
<BR>[Address Reference Count : 1]<UL><LI> startup_stm32f40_41xxx.o(RESET)
</UL>
<P><STRONG><a name="[3f]"></a>TIM5_IRQHandler</STRONG> (Thumb, 0 bytes, Stack size 0 bytes, startup_stm32f40_41xxx.o(.text))
<BR>[Address Reference Count : 1]<UL><LI> startup_stm32f40_41xxx.o(RESET)
</UL>
<P><STRONG><a name="[43]"></a>TIM6_DAC_IRQHandler</STRONG> (Thumb, 0 bytes, Stack size 0 bytes, startup_stm32f40_41xxx.o(.text))
<BR>[Address Reference Count : 1]<UL><LI> startup_stm32f40_41xxx.o(RESET)
</UL>
<P><STRONG><a name="[44]"></a>TIM7_IRQHandler</STRONG> (Thumb, 0 bytes, Stack size 0 bytes, startup_stm32f40_41xxx.o(.text))
<BR>[Address Reference Count : 1]<UL><LI> startup_stm32f40_41xxx.o(RESET)
</UL>
<P><STRONG><a name="[38]"></a>TIM8_BRK_TIM12_IRQHandler</STRONG> (Thumb, 0 bytes, Stack size 0 bytes, startup_stm32f40_41xxx.o(.text))
<BR>[Address Reference Count : 1]<UL><LI> startup_stm32f40_41xxx.o(RESET)
</UL>
<P><STRONG><a name="[3b]"></a>TIM8_CC_IRQHandler</STRONG> (Thumb, 0 bytes, Stack size 0 bytes, startup_stm32f40_41xxx.o(.text))
[...]
<LI><a href="#[485]">&gt;&gt;</a>&nbsp;&nbsp;&nbsp;_RFCOMM_Release_Request
<LI><a href="#[483]">&gt;&gt;</a>&nbsp;&nbsp;&nbsp;_RFCOMM_Open_Response
<LI><a href="#[490]">&gt;&gt;</a>&nbsp;&nbsp;&nbsp;_RFCOMM_Modem_Status
<LI><a href="#[48c]">&gt;&gt;</a>&nbsp;&nbsp;&nbsp;_RFCOMM_Line_Status_Change
</UL>

<P><STRONG><a name="[496]"></a>SearchRFCOMMMessageInfoEntryByMessageTEIAndDLCI</STRONG> (Thumb, 48 bytes, Stack size 0 bytes, RFCOMM.o(i.SearchRFCOMMMessageInfoEntryByMessageTEIAndDLCI))
<BR><BR>[Called By]<UL><LI><a href="#[473]">&gt;&gt;</a>&nbsp;&nbsp;&nbsp;SendFormattedControlMessage
</UL>

<P><STRONG><a name="[2b9]"></a>SearchRFCOMMMessageInfoEntryByTEIAndDLCI</STRONG> (Thumb, 36 bytes, Stack size 0 bytes, RFCOMM.o(i.SearchRFCOMMMessageInfoEntryByTEIAndDLCI))
<BR><BR>[Called By]<UL><LI><a href="#[2b4]">&gt;&gt;</a>&nbsp;&nbsp;&nbsp;DisconnectChannel
<LI><a href="#[48e]">&gt;&gt;</a>&nbsp;&nbsp;&nbsp;_RFCOMM_Open_Request
</UL>

<P><STRONG><a name="[468]"></a>SearchRFCOMMServerInfoEntryByTEI</STRONG> (Thumb, 40 bytes, Stack size 0 bytes, RFCOMM.o(i.SearchRFCOMMServerInfoEntryByTEI))
<BR><BR>[Called By]<UL><LI><a href="#[f3]">&gt;&gt;</a>&nbsp;&nbsp;&nbsp;RFCOMMServerSABMMessageHandler
<LI><a href="#[f4]">&gt;&gt;</a>&nbsp;&nbsp;&nbsp;RFCOMMServerPNMessageHandler
<LI><a href="#[482]">&gt;&gt;</a>&nbsp;&nbsp;&nbsp;_RFCOMM_Parameter_Negotiation_Response
</UL>

<P><STRONG><a name="[473]"></a>SendFormattedControlMessage</STRONG> (Thumb, 184 bytes, Stack size 0 bytes, RFCOMM.o(i.SendFormattedControlMessage))
<BR><BR>[Calls]<UL><LI><a href="#[1d8]">&gt;&gt;</a>&nbsp;&nbsp;&nbsp;BTPS_StopTimer
<LI><a href="#[1da]">&gt;&gt;</a>&nbsp;&nbsp;&nbsp;BTPS_StartTimer
<LI><a href="#[1be]">&gt;&gt;</a>&nbsp;&nbsp;&nbsp;BTPS_MemInitialize
<LI><a href="#[1c7]">&gt;&gt;</a>&nbsp;&nbsp;&nbsp;BTPS_FreeMemory
<LI><a href="#[1ae]">&gt;&gt;</a>&nbsp;&nbsp;&nbsp;BTPS_AllocateMemory
<LI><a href="#[496]">&gt;&gt;</a>&nbsp;&nbsp;&nbsp;SearchRFCOMMMessageInfoEntryByMessageTEIAndDLCI
<LI><a href="#[45b]">&gt;&gt;</a>&nbsp;&nbsp;&nbsp;RFCOMM_Control_Message
<LI><a href="#[497]">&gt;&gt;</a>&nbsp;&nbsp;&nbsp;AddRFCOMMMessageInfoEntry
</UL>
<BR>[Called By]<UL><LI><a href="#[459]">&gt;&gt;</a>&nbsp;&nbsp;&nbsp;RFCOMM_Start_Link_Negotiation
<LI><a href="#[490]">&gt;&gt;</a>&nbsp;&nbsp;&nbsp;_RFCOMM_Modem_Status
<LI><a href="#[48c]">&gt;&gt;</a>&nbsp;&nbsp;&nbsp;_RFCOMM_Line_Status_Change
</UL>

<P><STRONG><a name="[a1]"></a>_L2CA_Event_Callback</STRONG> (Thumb, 74 bytes, Stack size 0 bytes, RFCOMM.o(i._L2CA_Event_Callback))
<BR><BR>[Calls]<UL><LI><a href="#[184]">&gt;&gt;</a>&nbsp;&nbsp;&nbsp;ReleaseBluetoothStackInformation
<LI><a href="#[181]">&gt;&gt;</a>&nbsp;&nbsp;&nbsp;AcquireBluetoothStackInformation
<LI><a href="#[433]">&gt;&gt;</a>&nbsp;&nbsp;&nbsp;_L2CA_Connect_Response
</UL>
<BR>[Address Reference Count : 2]<UL><LI> RFCOMM.o(i.RFCOMM_Initialize)
<LI> RFCOMM.o(i._RFCOMM_Open_Request)
</UL>
<P><STRONG><a name="[2fb]"></a>FreeACLLinkList</STRONG> (Thumb, 6 bytes, Stack size 0 bytes, SCO.o(i.FreeACLLinkList))
<BR><BR>[Calls]<UL><LI><a href="#[1eb]">&gt;&gt;</a>&nbsp;&nbsp;&nbsp;BSC_FreeGenericListEntryList
</UL>
<BR>[Called By]<UL><LI><a href="#[209]">&gt;&gt;</a>&nbsp;&nbsp;&nbsp;SCO_Cleanup
<LI><a href="#[a4]">&gt;&gt;</a>&nbsp;&nbsp;&nbsp;_HCI_Event_Callback
</UL>

<P><STRONG><a name="[301]"></a>FreeCallbackList</STRONG> (Thumb, 6 bytes, Stack size 0 bytes, SCO.o(i.FreeCallbackList))
<BR><BR>[Calls]<UL><LI><a href="#[1eb]">&gt;&gt;</a>&nbsp;&nbsp;&nbsp;BSC_FreeGenericListEntryList
</UL>
<BR>[Called By]<UL><LI><a href="#[209]">&gt;&gt;</a>&nbsp;&nbsp;&nbsp;SCO_Cleanup
</UL>

<P><STRONG><a name="[a4]"></a>_HCI_Event_Callback</STRONG> (Thumb, 246 bytes, Stack size 0 bytes, SCO.o(i._HCI_Event_Callback))
<BR><BR>[Calls]<UL><LI><a href="#[184]">&gt;&gt;</a>&nbsp;&nbsp;&nbsp;ReleaseBluetoothStackInformation
<LI><a href="#[1ad]">&gt;&gt;</a>&nbsp;&nbsp;&nbsp;CompareNULLBluetoothAddress
<LI><a href="#[1af]">&gt;&gt;</a>&nbsp;&nbsp;&nbsp;CompareBluetoothAddress
<LI><a href="#[181]">&gt;&gt;</a>&nbsp;&nbsp;&nbsp;AcquireBluetoothStackInformation
<LI><a href="#[1c7]">&gt;&gt;</a>&nbsp;&nbsp;&nbsp;BTPS_FreeMemory
<LI><a href="#[1ae]">&gt;&gt;</a>&nbsp;&nbsp;&nbsp;BTPS_AllocateMemory
<LI><a href="#[1ec]">&gt;&gt;</a>&nbsp;&nbsp;&nbsp;BSC_FreeGenericListEntryMemory
<LI><a href="#[1e4]">&gt;&gt;</a>&nbsp;&nbsp;&nbsp;BSC_DeleteGenericListEntry
<LI><a href="#[2fb]">&gt;&gt;</a>&nbsp;&nbsp;&nbsp;FreeACLLinkList
</UL>
<BR>[Address Reference Count : 1]<UL><LI> SCO.o(i.SCO_Initialize)
</UL>
<P><STRONG><a name="[a5]"></a>_HCI_SCO_Callback</STRONG> (Thumb, 72 bytes, Stack size 0 bytes, SCO.o(i._HCI_SCO_Callback))
<BR><BR>[Calls]<UL><LI><a href="#[184]">&gt;&gt;</a>&nbsp;&nbsp;&nbsp;ReleaseBluetoothStackInformation
<LI><a href="#[181]">&gt;&gt;</a>&nbsp;&nbsp;&nbsp;AcquireBluetoothStackInformation
</UL>
<BR>[Address Reference Count : 1]<UL><LI> SCO.o(i.SCO_Initialize)
</UL>
<P><STRONG><a name="[268]"></a>DeleteCOMEntry</STRONG> (Thumb, 20 bytes, Stack size 0 bytes, HCIComm.o(i.DeleteCOMEntry))
<BR><BR>[Calls]<UL><LI><a href="#[1e4]">&gt;&gt;</a>&nbsp;&nbsp;&nbsp;BSC_DeleteGenericListEntry
</UL>
<BR>[Called By]<UL><LI><a href="#[3f8]">&gt;&gt;</a>&nbsp;&nbsp;&nbsp;OpenComm
<LI><a href="#[267]">&gt;&gt;</a>&nbsp;&nbsp;&nbsp;CloseComm
</UL>

<P><STRONG><a name="[257]"></a>FreeCOMStructureResources</STRONG> (Thumb, 42 bytes, Stack size 0 bytes, HCIComm.o(i.FreeCOMStructureResources))
<BR><BR>[Calls]<UL><LI><a href="#[2fd]">&gt;&gt;</a>&nbsp;&nbsp;&nbsp;HCITR_COMClose
</UL>
<BR>[Called By]<UL><LI><a href="#[3f8]">&gt;&gt;</a>&nbsp;&nbsp;&nbsp;OpenComm
<LI><a href="#[267]">&gt;&gt;</a>&nbsp;&nbsp;&nbsp;CloseComm
<LI><a href="#[256]">&gt;&gt;</a>&nbsp;&nbsp;&nbsp;CleanupCOMMList
</UL>

<P><STRONG><a name="[9d]"></a>HCITR_COMDataCallback_UART</STRONG> (Thumb, 470 bytes, Stack size 0 bytes, HCIComm.o(i.HCITR_COMDataCallback_UART))
<BR><BR>[Calls]<UL><LI><a href="#[1a8]">&gt;&gt;</a>&nbsp;&nbsp;&nbsp;BTPS_MemCopy
<LI><a href="#[1c7]">&gt;&gt;</a>&nbsp;&nbsp;&nbsp;BTPS_FreeMemory
<LI><a href="#[1ae]">&gt;&gt;</a>&nbsp;&nbsp;&nbsp;BTPS_AllocateMemory
</UL>
<BR>[Address Reference Count : 1]<UL><LI> HCIComm.o(i.OpenComm)
</UL>
<P><STRONG><a name="[416]"></a>InitializeProtocol</STRONG> (Thumb, 74 bytes, Stack size 0 bytes, HCIComm.o(i.InitializeProtocol))
<BR><BR>[Calls]<UL><LI><a href="#[417]">&gt;&gt;</a>&nbsp;&nbsp;&nbsp;TWUART_Initialize
<LI><a href="#[3ba]">&gt;&gt;</a>&nbsp;&nbsp;&nbsp;HCILL_Initialize
</UL>
<BR>[Called By]<UL><LI><a href="#[3fc]">&gt;&gt;</a>&nbsp;&nbsp;&nbsp;ReconfigureComm
<LI><a href="#[3f8]">&gt;&gt;</a>&nbsp;&nbsp;&nbsp;OpenComm
</UL>

<P><STRONG><a name="[94]"></a>ProtocolEventCallback</STRONG> (Thumb, 524 bytes, Stack size 0 bytes, HCIComm.o(i.ProtocolEventCallback))
<BR><BR>[Calls]<UL><LI><a href="#[1d8]">&gt;&gt;</a>&nbsp;&nbsp;&nbsp;BTPS_StopTimer
<LI><a href="#[1da]">&gt;&gt;</a>&nbsp;&nbsp;&nbsp;BTPS_StartTimer
<LI><a href="#[3cc]">&gt;&gt;</a>&nbsp;&nbsp;&nbsp;HCITR_COMWrite
<LI><a href="#[3cb]">&gt;&gt;</a>&nbsp;&nbsp;&nbsp;HCITR_COMReconfigure
<LI><a href="#[1a8]">&gt;&gt;</a>&nbsp;&nbsp;&nbsp;BTPS_MemCopy
<LI><a href="#[1c7]">&gt;&gt;</a>&nbsp;&nbsp;&nbsp;BTPS_FreeMemory
<LI><a href="#[1ae]">&gt;&gt;</a>&nbsp;&nbsp;&nbsp;BTPS_AllocateMemory
</UL>
<BR>[Address Reference Count : 1]<UL><LI> HCIComm.o(i.InitializeProtocol)
</UL>
<P><STRONG><a name="[a0]"></a>ProtocolTimerCallback</STRONG> (Thumb, 20 bytes, Stack size 0 bytes, HCIComm.o(i.ProtocolTimerCallback))
<BR>[Address Reference Count : 1]<UL><LI> HCIComm.o(i.ProtocolEventCallback)
</UL>
<P><STRONG><a name="[24a]"></a>SearchCOMEntry</STRONG> (Thumb, 20 bytes, Stack size 0 bytes, HCIComm.o(i.SearchCOMEntry))
<BR><BR>[Calls]<UL><LI><a href="#[190]">&gt;&gt;</a>&nbsp;&nbsp;&nbsp;BSC_SearchGenericListEntry
</UL>
<BR>[Called By]<UL><LI><a href="#[495]">&gt;&gt;</a>&nbsp;&nbsp;&nbsp;SendCommPacket
<LI><a href="#[3fc]">&gt;&gt;</a>&nbsp;&nbsp;&nbsp;ReconfigureComm
<LI><a href="#[3f9]">&gt;&gt;</a>&nbsp;&nbsp;&nbsp;ProcessComm
<LI><a href="#[249]">&gt;&gt;</a>&nbsp;&nbsp;&nbsp;ChangeCommSCOConfiguration
</UL>

<P><STRONG><a name="[316]"></a>FreeTransmitBufferListHead</STRONG> (Thumb, 30 bytes, Stack size 0 bytes, HCILL.o(i.FreeTransmitBufferListHead))
<BR><BR>[Calls]<UL><LI><a href="#[1c7]">&gt;&gt;</a>&nbsp;&nbsp;&nbsp;BTPS_FreeMemory
</UL>
<BR>[Called By]<UL><LI><a href="#[3bd]">&gt;&gt;</a>&nbsp;&nbsp;&nbsp;SendQueuedPackets
<LI><a href="#[f5]">&gt;&gt;</a>&nbsp;&nbsp;&nbsp;HCILL_Shutdown
</UL>

<P><STRONG><a name="[3bd]"></a>SendQueuedPackets</STRONG> (Thumb, 32 bytes, Stack size 0 bytes, HCILL.o(i.SendQueuedPackets))
<BR><BR>[Calls]<UL><LI><a href="#[3bb]">&gt;&gt;</a>&nbsp;&nbsp;&nbsp;TransmitData
<LI><a href="#[316]">&gt;&gt;</a>&nbsp;&nbsp;&nbsp;FreeTransmitBufferListHead
</UL>
<BR>[Called By]<UL><LI><a href="#[f9]">&gt;&gt;</a>&nbsp;&nbsp;&nbsp;HCILL_ReceiveBytes
</UL>

<P><STRONG><a name="[3bc]"></a>SendSleepIndication</STRONG> (Thumb, 16 bytes, Stack size 0 bytes, HCILL.o(i.SendSleepIndication))
<BR><BR>[Called By]<UL><LI><a href="#[f8]">&gt;&gt;</a>&nbsp;&nbsp;&nbsp;HCILL_TransmitBytes
<LI><a href="#[f9]">&gt;&gt;</a>&nbsp;&nbsp;&nbsp;HCILL_ReceiveBytes
</UL>

<P><STRONG><a name="[3bb]"></a>TransmitData</STRONG> (Thumb, 38 bytes, Stack size 0 bytes, HCILL.o(i.TransmitData))
<BR><BR>[Called By]<UL><LI><a href="#[3bd]">&gt;&gt;</a>&nbsp;&nbsp;&nbsp;SendQueuedPackets
<LI><a href="#[f8]">&gt;&gt;</a>&nbsp;&nbsp;&nbsp;HCILL_TransmitBytes
<LI><a href="#[f9]">&gt;&gt;</a>&nbsp;&nbsp;&nbsp;HCILL_ReceiveBytes
</UL>

<P><STRONG><a name="[101]"></a>AcknowledgeTimerExpired</STRONG> (Thumb, 38 bytes, Stack size 0 bytes, TWUART.o(i.AcknowledgeTimerExpired))
<BR><BR>[Calls]<UL><LI><a href="#[17f]">&gt;&gt;</a>&nbsp;&nbsp;&nbsp;SendNullPacket
<LI><a href="#[180]">&gt;&gt;</a>&nbsp;&nbsp;&nbsp;CheckIdle
</UL>
<BR>[Address Reference Count : 1]<UL><LI> TWUART.o(.constdata)
</UL>
<P><STRONG><a name="[45e]"></a>CalculateCRC</STRONG> (Thumb, 48 bytes, Stack size 0 bytes, TWUART.o(i.CalculateCRC))
<BR><BR>[Called By]<UL><LI><a href="#[479]">&gt;&gt;</a>&nbsp;&nbsp;&nbsp;SendSLIPPacket
<LI><a href="#[45d]">&gt;&gt;</a>&nbsp;&nbsp;&nbsp;ProcessReceivedPacket
</UL>

<P><STRONG><a name="[180]"></a>CheckIdle</STRONG> (Thumb, 42 bytes, Stack size 0 bytes, TWUART.o(i.CheckIdle))
<BR><BR>[Calls]<UL><LI><a href="#[251]">&gt;&gt;</a>&nbsp;&nbsp;&nbsp;SetTWUARTTimer
</UL>
<BR>[Called By]<UL><LI><a href="#[100]">&gt;&gt;</a>&nbsp;&nbsp;&nbsp;RetransmitTimerExpired
<LI><a href="#[101]">&gt;&gt;</a>&nbsp;&nbsp;&nbsp;AcknowledgeTimerExpired
<LI><a href="#[fd]">&gt;&gt;</a>&nbsp;&nbsp;&nbsp;TWUART_TransmitBytes
<LI><a href="#[fe]">&gt;&gt;</a>&nbsp;&nbsp;&nbsp;TWUART_ReceiveBytes
</UL>

<P><STRONG><a name="[2d9]"></a>EncodeAndSend</STRONG> (Thumb, 134 bytes, Stack size 0 bytes, TWUART.o(i.EncodeAndSend))
<BR><BR>[Calls]<UL><LI><a href="#[2da]">&gt;&gt;</a>&nbsp;&nbsp;&nbsp;TransmitData
</UL>
<BR>[Called By]<UL><LI><a href="#[479]">&gt;&gt;</a>&nbsp;&nbsp;&nbsp;SendSLIPPacket
</UL>

<P><STRONG><a name="[2fc]"></a>FreeBufferListHead</STRONG> (Thumb, 28 bytes, Stack size 0 bytes, TWUART.o(i.FreeBufferListHead))
<BR><BR>[Calls]<UL><LI><a href="#[1c7]">&gt;&gt;</a>&nbsp;&nbsp;&nbsp;BTPS_FreeMemory
</UL>
<BR>[Called By]<UL><LI><a href="#[45d]">&gt;&gt;</a>&nbsp;&nbsp;&nbsp;ProcessReceivedPacket
<LI><a href="#[fa]">&gt;&gt;</a>&nbsp;&nbsp;&nbsp;TWUART_Shutdown
<LI><a href="#[fc]">&gt;&gt;</a>&nbsp;&nbsp;&nbsp;TWUART_Resynchronize
</UL>

<P><STRONG><a name="[ff]"></a>IdleTimerExpired</STRONG> (Thumb, 30 bytes, Stack size 0 bytes, TWUART.o(i.IdleTimerExpired))
<BR><BR>[Calls]<UL><LI><a href="#[412]">&gt;&gt;</a>&nbsp;&nbsp;&nbsp;SetTWUARTState
</UL>
<BR>[Address Reference Count : 1]<UL><LI> TWUART.o(.constdata)
</UL>
<P><STRONG><a name="[453]"></a>ParseConfigurationField</STRONG> (Thumb, 150 bytes, Stack size 0 bytes, TWUART.o(i.ParseConfigurationField))
<BR><BR>[Calls]<UL><LI><a href="#[454]">&gt;&gt;</a>&nbsp;&nbsp;&nbsp;SetTransportConfiguration
</UL>
<BR>[Called By]<UL><LI><a href="#[460]">&gt;&gt;</a>&nbsp;&nbsp;&nbsp;ProcessTWUARTMessage
</UL>

<P><STRONG><a name="[45d]"></a>ProcessReceivedPacket</STRONG> (Thumb, 346 bytes, Stack size 0 bytes, TWUART.o(i.ProcessReceivedPacket))
<BR><BR>[Calls]<UL><LI><a href="#[251]">&gt;&gt;</a>&nbsp;&nbsp;&nbsp;SetTWUARTTimer
<LI><a href="#[45f]">&gt;&gt;</a>&nbsp;&nbsp;&nbsp;SendQueuedPackets
<LI><a href="#[17f]">&gt;&gt;</a>&nbsp;&nbsp;&nbsp;SendNullPacket
<LI><a href="#[460]">&gt;&gt;</a>&nbsp;&nbsp;&nbsp;ProcessTWUARTMessage
<LI><a href="#[2fc]">&gt;&gt;</a>&nbsp;&nbsp;&nbsp;FreeBufferListHead
<LI><a href="#[45e]">&gt;&gt;</a>&nbsp;&nbsp;&nbsp;CalculateCRC
</UL>
<BR>[Called By]<UL><LI><a href="#[fe]">&gt;&gt;</a>&nbsp;&nbsp;&nbsp;TWUART_ReceiveBytes
</UL>

<P><STRONG><a name="[460]"></a>ProcessTWUARTMessage</STRONG> (Thumb, 226 bytes, Stack size 0 bytes, TWUART.o(i.ProcessTWUARTMessage))
<BR><BR>[Calls]<UL><LI><a href="#[224]">&gt;&gt;</a>&nbsp;&nbsp;&nbsp;BTPS_MemCompare
<LI><a href="#[412]">&gt;&gt;</a>&nbsp;&nbsp;&nbsp;SetTWUARTState
<LI><a href="#[465]">&gt;&gt;</a>&nbsp;&nbsp;&nbsp;SendTWUARTMessage
<LI><a href="#[453]">&gt;&gt;</a>&nbsp;&nbsp;&nbsp;ParseConfigurationField
<LI><a href="#[fc]">&gt;&gt;</a>&nbsp;&nbsp;&nbsp;TWUART_Resynchronize
</UL>
<BR>[Called By]<UL><LI><a href="#[45d]">&gt;&gt;</a>&nbsp;&nbsp;&nbsp;ProcessReceivedPacket
</UL>

<P><STRONG><a name="[478]"></a>RestartPacketizer</STRONG> (Thumb, 32 bytes, Stack size 0 bytes, TWUART.o(i.RestartPacketizer))
<BR><BR>[Calls]<UL><LI><a href="#[1be]">&gt;&gt;</a>&nbsp;&nbsp;&nbsp;BTPS_MemInitialize
<LI><a href="#[1c7]">&gt;&gt;</a>&nbsp;&nbsp;&nbsp;BTPS_FreeMemory
</UL>
<BR>[Called By]<UL><LI><a href="#[fe]">&gt;&gt;</a>&nbsp;&nbsp;&nbsp;TWUART_ReceiveBytes
</UL>

<P><STRONG><a name="[100]"></a>RetransmitTimerExpired</STRONG> (Thumb, 108 bytes, Stack size 0 bytes, TWUART.o(i.RetransmitTimerExpired))
<BR><BR>[Calls]<UL><LI><a href="#[251]">&gt;&gt;</a>&nbsp;&nbsp;&nbsp;SetTWUARTTimer
<LI><a href="#[465]">&gt;&gt;</a>&nbsp;&nbsp;&nbsp;SendTWUARTMessage
<LI><a href="#[479]">&gt;&gt;</a>&nbsp;&nbsp;&nbsp;SendSLIPPacket
<LI><a href="#[180]">&gt;&gt;</a>&nbsp;&nbsp;&nbsp;CheckIdle
</UL>
<BR>[Address Reference Count : 1]<UL><LI> TWUART.o(.constdata)
</UL>
<P><STRONG><a name="[17f]"></a>SendNullPacket</STRONG> (Thumb, 24 bytes, Stack size 0 bytes, TWUART.o(i.SendNullPacket))
<BR><BR>[Calls]<UL><LI><a href="#[479]">&gt;&gt;</a>&nbsp;&nbsp;&nbsp;SendSLIPPacket
</UL>
<BR>[Called By]<UL><LI><a href="#[45d]">&gt;&gt;</a>&nbsp;&nbsp;&nbsp;ProcessReceivedPacket
<LI><a href="#[101]">&gt;&gt;</a>&nbsp;&nbsp;&nbsp;AcknowledgeTimerExpired
</UL>

<P><STRONG><a name="[45f]"></a>SendQueuedPackets</STRONG> (Thumb, 92 bytes, Stack size 0 bytes, TWUART.o(i.SendQueuedPackets))
<BR><BR>[Calls]<UL><LI><a href="#[479]">&gt;&gt;</a>&nbsp;&nbsp;&nbsp;SendSLIPPacket
</UL>
<BR>[Called By]<UL><LI><a href="#[412]">&gt;&gt;</a>&nbsp;&nbsp;&nbsp;SetTWUARTState
<LI><a href="#[499]">&gt;&gt;</a>&nbsp;&nbsp;&nbsp;SendReliablePacket
<LI><a href="#[45d]">&gt;&gt;</a>&nbsp;&nbsp;&nbsp;ProcessReceivedPacket
</UL>

<P><STRONG><a name="[499]"></a>SendReliablePacket</STRONG> (Thumb, 128 bytes, Stack size 0 bytes, TWUART.o(i.SendReliablePacket))
<BR><BR>[Calls]<UL><LI><a href="#[1be]">&gt;&gt;</a>&nbsp;&nbsp;&nbsp;BTPS_MemInitialize
<LI><a href="#[1a8]">&gt;&gt;</a>&nbsp;&nbsp;&nbsp;BTPS_MemCopy
<LI><a href="#[1ae]">&gt;&gt;</a>&nbsp;&nbsp;&nbsp;BTPS_AllocateMemory
<LI><a href="#[251]">&gt;&gt;</a>&nbsp;&nbsp;&nbsp;SetTWUARTTimer
<LI><a href="#[45f]">&gt;&gt;</a>&nbsp;&nbsp;&nbsp;SendQueuedPackets
</UL>
<BR>[Called By]<UL><LI><a href="#[fd]">&gt;&gt;</a>&nbsp;&nbsp;&nbsp;TWUART_TransmitBytes
</UL>

<P><STRONG><a name="[479]"></a>SendSLIPPacket</STRONG> (Thumb, 194 bytes, Stack size 0 bytes, TWUART.o(i.SendSLIPPacket))
<BR><BR>[Calls]<UL><LI><a href="#[2da]">&gt;&gt;</a>&nbsp;&nbsp;&nbsp;TransmitData
<LI><a href="#[251]">&gt;&gt;</a>&nbsp;&nbsp;&nbsp;SetTWUARTTimer
<LI><a href="#[2d9]">&gt;&gt;</a>&nbsp;&nbsp;&nbsp;EncodeAndSend
<LI><a href="#[45e]">&gt;&gt;</a>&nbsp;&nbsp;&nbsp;CalculateCRC
</UL>
<BR>[Called By]<UL><LI><a href="#[465]">&gt;&gt;</a>&nbsp;&nbsp;&nbsp;SendTWUARTMessage
<LI><a href="#[45f]">&gt;&gt;</a>&nbsp;&nbsp;&nbsp;SendQueuedPackets
<LI><a href="#[17f]">&gt;&gt;</a>&nbsp;&nbsp;&nbsp;SendNullPacket
<LI><a href="#[100]">&gt;&gt;</a>&nbsp;&nbsp;&nbsp;RetransmitTimerExpired
<LI><a href="#[fd]">&gt;&gt;</a>&nbsp;&nbsp;&nbsp;TWUART_TransmitBytes
</UL>

<P><STRONG><a name="[49c]"></a>SendSleepIndication</STRONG> (Thumb, 16 bytes, Stack size 0 bytes, TWUART.o(i.SendSleepIndication))
<BR><BR>[Called By]<UL><LI><a href="#[412]">&gt;&gt;</a>&nbsp;&nbsp;&nbsp;SetTWUARTState
</UL>

<P><STRONG><a name="[465]"></a>SendTWUARTMessage</STRONG> (Thumb, 88 bytes, Stack size 0 bytes, TWUART.o(i.SendTWUARTMessage))
<BR><BR>[Calls]<UL><LI><a href="#[1a8]">&gt;&gt;</a>&nbsp;&nbsp;&nbsp;BTPS_MemCopy
<LI><a href="#[479]">&gt;&gt;</a>&nbsp;&nbsp;&nbsp;SendSLIPPacket
</UL>
<BR>[Called By]<UL><LI><a href="#[412]">&gt;&gt;</a>&nbsp;&nbsp;&nbsp;SetTWUARTState
<LI><a href="#[100]">&gt;&gt;</a>&nbsp;&nbsp;&nbsp;RetransmitTimerExpired
<LI><a href="#[460]">&gt;&gt;</a>&nbsp;&nbsp;&nbsp;ProcessTWUARTMessage
</UL>

<P><STRONG><a name="[412]"></a>SetTWUARTState</STRONG> (Thumb, 128 bytes, Stack size 0 bytes, TWUART.o(i.SetTWUARTState))
<BR><BR>[Calls]<UL><LI><a href="#[465]">&gt;&gt;</a>&nbsp;&nbsp;&nbsp;SendTWUARTMessage
<LI><a href="#[49c]">&gt;&gt;</a>&nbsp;&nbsp;&nbsp;SendSleepIndication
<LI><a href="#[45f]">&gt;&gt;</a>&nbsp;&nbsp;&nbsp;SendQueuedPackets
</UL>
<BR>[Called By]<UL><LI><a href="#[460]">&gt;&gt;</a>&nbsp;&nbsp;&nbsp;ProcessTWUARTMessage
<LI><a href="#[ff]">&gt;&gt;</a>&nbsp;&nbsp;&nbsp;IdleTimerExpired
<LI><a href="#[fd]">&gt;&gt;</a>&nbsp;&nbsp;&nbsp;TWUART_TransmitBytes
<LI><a href="#[fc]">&gt;&gt;</a>&nbsp;&nbsp;&nbsp;TWUART_Resynchronize
</UL>

<P><STRONG><a name="[251]"></a>SetTWUARTTimer</STRONG> (Thumb, 78 bytes, Stack size 0 bytes, TWUART.o(i.SetTWUARTTimer))
<BR><BR>[Called By]<UL><LI><a href="#[479]">&gt;&gt;</a>&nbsp;&nbsp;&nbsp;SendSLIPPacket
<LI><a href="#[499]">&gt;&gt;</a>&nbsp;&nbsp;&nbsp;SendReliablePacket
<LI><a href="#[100]">&gt;&gt;</a>&nbsp;&nbsp;&nbsp;RetransmitTimerExpired
<LI><a href="#[45d]">&gt;&gt;</a>&nbsp;&nbsp;&nbsp;ProcessReceivedPacket
<LI><a href="#[180]">&gt;&gt;</a>&nbsp;&nbsp;&nbsp;CheckIdle
<LI><a href="#[fc]">&gt;&gt;</a>&nbsp;&nbsp;&nbsp;TWUART_Resynchronize
<LI><a href="#[fe]">&gt;&gt;</a>&nbsp;&nbsp;&nbsp;TWUART_ReceiveBytes
</UL>

<P><STRONG><a name="[454]"></a>SetTransportConfiguration</STRONG> (Thumb, 38 bytes, Stack size 0 bytes, TWUART.o(i.SetTransportConfiguration))
<BR><BR>[Called By]<UL><LI><a href="#[453]">&gt;&gt;</a>&nbsp;&nbsp;&nbsp;ParseConfigurationField
<LI><a href="#[fc]">&gt;&gt;</a>&nbsp;&nbsp;&nbsp;TWUART_Resynchronize
<LI><a href="#[417]">&gt;&gt;</a>&nbsp;&nbsp;&nbsp;TWUART_Initialize
</UL>

<P><STRONG><a name="[2da]"></a>TransmitData</STRONG> (Thumb, 26 bytes, Stack size 0 bytes, TWUART.o(i.TransmitData))
<BR><BR>[Called By]<UL><LI><a href="#[479]">&gt;&gt;</a>&nbsp;&nbsp;&nbsp;SendSLIPPacket
<LI><a href="#[2d9]">&gt;&gt;</a>&nbsp;&nbsp;&nbsp;EncodeAndSend
</UL>

<P><STRONG><a name="[63]"></a>_printf_input_char</STRONG> (Thumb, 10 bytes, Stack size 0 bytes, _printf_char_common.o(.text))
<BR>[Address Reference Count : 1]<UL><LI> _printf_char_common.o(.text)
</UL>
<P><STRONG><a name="[153]"></a>_fp_digits</STRONG> (Thumb, 428 bytes, Stack size 0 bytes, _printf_fp_dec.o(.text))
<BR><BR>[Calls]<UL><LI><a href="#[157]">&gt;&gt;</a>&nbsp;&nbsp;&nbsp;_btod_emul
<LI><a href="#[156]">&gt;&gt;</a>&nbsp;&nbsp;&nbsp;_btod_ediv
<LI><a href="#[155]">&gt;&gt;</a>&nbsp;&nbsp;&nbsp;_btod_d2e
<LI><a href="#[154]">&gt;&gt;</a>&nbsp;&nbsp;&nbsp;_btod_etento
<LI><a href="#[14b]">&gt;&gt;</a>&nbsp;&nbsp;&nbsp;_ll_udiv10
</UL>
<BR>[Called By]<UL><LI><a href="#[158]">&gt;&gt;</a>&nbsp;&nbsp;&nbsp;_printf_fp_dec_real
</UL>
<P>
<H3>
Undefined Global Symbols
</H3><HR></body></html>
